Archive member included to satisfy reference by file (symbol)

c:/nxp/mcuxpressoide/ide/plugins/com.nxp.mcuxpresso.tools.win32_11.2.0.202001021529/tools/bin/../lib/gcc/arm-none-eabi/9.2.1/../../../../arm-none-eabi/lib/thumb/v7e-m+fp/hard\libcr_semihost_nf.a(__ciob.o)
                              ./source/hello_world.o (__Ciob)
c:/nxp/mcuxpressoide/ide/plugins/com.nxp.mcuxpresso.tools.win32_11.2.0.202001021529/tools/bin/../lib/gcc/arm-none-eabi/9.2.1/../../../../arm-none-eabi/lib/thumb/v7e-m+fp/hard\libcr_semihost_nf.a(_cr__main.o)
                              ./startup/startup_mk64f12.o (__main)
c:/nxp/mcuxpressoide/ide/plugins/com.nxp.mcuxpresso.tools.win32_11.2.0.202001021529/tools/bin/../lib/gcc/arm-none-eabi/9.2.1/../../../../arm-none-eabi/lib/thumb/v7e-m+fp/hard\libcr_c.a(memcpy.o)
                              ./utilities/fsl_str.o (memcpy)
c:/nxp/mcuxpressoide/ide/plugins/com.nxp.mcuxpresso.tools.win32_11.2.0.202001021529/tools/bin/../lib/gcc/arm-none-eabi/9.2.1/../../../../arm-none-eabi/lib/thumb/v7e-m+fp/hard\libcr_c.a(memset.o)
                              ./ref/fips202.o (memset)
c:/nxp/mcuxpressoide/ide/plugins/com.nxp.mcuxpresso.tools.win32_11.2.0.202001021529/tools/bin/../lib/gcc/arm-none-eabi/9.2.1/../../../../arm-none-eabi/lib/thumb/v7e-m+fp/hard\libcr_c.a(__fillbuf.o)
                              ./source/hello_world.o (__filbuf)
c:/nxp/mcuxpressoide/ide/plugins/com.nxp.mcuxpresso.tools.win32_11.2.0.202001021529/tools/bin/../lib/gcc/arm-none-eabi/9.2.1/../../../../arm-none-eabi/lib/thumb/v7e-m+fp/hard\libcr_c.a(_deferredlazyseek.o)
                              c:/nxp/mcuxpressoide/ide/plugins/com.nxp.mcuxpresso.tools.win32_11.2.0.202001021529/tools/bin/../lib/gcc/arm-none-eabi/9.2.1/../../../../arm-none-eabi/lib/thumb/v7e-m+fp/hard\libcr_c.a(__fillbuf.o) (_deferredlazyseek)
c:/nxp/mcuxpressoide/ide/plugins/com.nxp.mcuxpresso.tools.win32_11.2.0.202001021529/tools/bin/../lib/gcc/arm-none-eabi/9.2.1/../../../../arm-none-eabi/lib/thumb/v7e-m+fp/hard\libcr_c.a(_fflush.o)
                              c:/nxp/mcuxpressoide/ide/plugins/com.nxp.mcuxpresso.tools.win32_11.2.0.202001021529/tools/bin/../lib/gcc/arm-none-eabi/9.2.1/../../../../arm-none-eabi/lib/thumb/v7e-m+fp/hard\libcr_c.a(__fillbuf.o) (_fflush)
c:/nxp/mcuxpressoide/ide/plugins/com.nxp.mcuxpresso.tools.win32_11.2.0.202001021529/tools/bin/../lib/gcc/arm-none-eabi/9.2.1/../../../../arm-none-eabi/lib/thumb/v7e-m+fp/hard\libcr_c.a(_writebuf.o)
                              c:/nxp/mcuxpressoide/ide/plugins/com.nxp.mcuxpresso.tools.win32_11.2.0.202001021529/tools/bin/../lib/gcc/arm-none-eabi/9.2.1/../../../../arm-none-eabi/lib/thumb/v7e-m+fp/hard\libcr_c.a(_deferredlazyseek.o) (_Cwritebuf)
c:/nxp/mcuxpressoide/ide/plugins/com.nxp.mcuxpresso.tools.win32_11.2.0.202001021529/tools/bin/../lib/gcc/arm-none-eabi/9.2.1/../../../../arm-none-eabi/lib/thumb/v7e-m+fp/hard\libcr_c.a(alloc.o)
                              ./drivers/fsl_common.o (malloc)
c:/nxp/mcuxpressoide/ide/plugins/com.nxp.mcuxpresso.tools.win32_11.2.0.202001021529/tools/bin/../lib/gcc/arm-none-eabi/9.2.1/../../../../arm-none-eabi/lib/thumb/v7e-m+fp/hard\libcr_c.a(fseek.o)
                              c:/nxp/mcuxpressoide/ide/plugins/com.nxp.mcuxpresso.tools.win32_11.2.0.202001021529/tools/bin/../lib/gcc/arm-none-eabi/9.2.1/../../../../arm-none-eabi/lib/thumb/v7e-m+fp/hard\libcr_c.a(_deferredlazyseek.o) (fseek)
c:/nxp/mcuxpressoide/ide/plugins/com.nxp.mcuxpresso.tools.win32_11.2.0.202001021529/tools/bin/../lib/gcc/arm-none-eabi/9.2.1/../../../../arm-none-eabi/lib/thumb/v7e-m+fp/hard\libcr_c.a(ftell.o)
                              c:/nxp/mcuxpressoide/ide/plugins/com.nxp.mcuxpresso.tools.win32_11.2.0.202001021529/tools/bin/../lib/gcc/arm-none-eabi/9.2.1/../../../../arm-none-eabi/lib/thumb/v7e-m+fp/hard\libcr_c.a(fseek.o) (ftell)
c:/nxp/mcuxpressoide/ide/plugins/com.nxp.mcuxpresso.tools.win32_11.2.0.202001021529/tools/bin/../lib/gcc/arm-none-eabi/9.2.1/../../../../arm-none-eabi/lib/thumb/v7e-m+fp/hard\libcr_c.a(initio.o)
                              c:/nxp/mcuxpressoide/ide/plugins/com.nxp.mcuxpresso.tools.win32_11.2.0.202001021529/tools/bin/../lib/gcc/arm-none-eabi/9.2.1/../../../../arm-none-eabi/lib/thumb/v7e-m+fp/hard\libcr_semihost_nf.a(_cr__main.o) (_initio)
c:/nxp/mcuxpressoide/ide/plugins/com.nxp.mcuxpresso.tools.win32_11.2.0.202001021529/tools/bin/../lib/gcc/arm-none-eabi/9.2.1/../../../../arm-none-eabi/lib/thumb/v7e-m+fp/hard\libcr_c.a(printf.o)
                              ./utilities/fsl_assert.o (_printf)
c:/nxp/mcuxpressoide/ide/plugins/com.nxp.mcuxpresso.tools.win32_11.2.0.202001021529/tools/bin/../lib/gcc/arm-none-eabi/9.2.1/../../../../arm-none-eabi/lib/thumb/v7e-m+fp/hard\libcr_c.a(scanf.o)
                              ./utilities/fsl_str.o (strtoul)
c:/nxp/mcuxpressoide/ide/plugins/com.nxp.mcuxpresso.tools.win32_11.2.0.202001021529/tools/bin/../lib/gcc/arm-none-eabi/9.2.1/../../../../arm-none-eabi/lib/thumb/v7e-m+fp/hard\libcr_c.a(setvbuf.o)
[...]
Memory Configuration

Name             Origin             Length             Attributes
PROGRAM_FLASH    0x00000000         0x00100000         xr
SRAM_UPPER       0x20000000         0x00030000         xrw
SRAM_LOWER       0x1fff0000         0x00010000         xrw
FLEX_RAM         0x14000000         0x00001000         xrw
*default*        0x00000000         0xffffffff

Linker script and memory map

LOAD ./utilities/fsl_assert.o
LOAD ./utilities/fsl_debug_console.o
LOAD ./utilities/fsl_str.o
LOAD ./startup/startup_mk64f12.o
LOAD ./source/hello_world.o
LOAD ./source/semihost_hardfault.o
LOAD ./ref/test/cpucycles.o
LOAD ./ref/test/speed_print.o
LOAD ./ref/test/test_speed.o
LOAD ./ref/crypto_hashblocks_sha512.o
LOAD ./ref/crypto_hashblocks_sha512_inner32.o
LOAD ./ref/fips202.o
LOAD ./ref/keccakf1600.o
LOAD ./ref/ntt.o
LOAD ./ref/packing.o
LOAD ./ref/pointwise_mont.o
LOAD ./ref/poly.o
LOAD ./ref/polyvec.o
LOAD ./ref/rng.o
LOAD ./ref/rounding.o
LOAD ./ref/sign.o
LOAD ./ref/symmetric-shake.o
LOAD ./ref/vector.o
LOAD ./drivers/fsl_clock.o
LOAD ./drivers/fsl_common.o
LOAD ./drivers/fsl_ftfx_cache.o
LOAD ./drivers/fsl_ftfx_controller.o
LOAD ./drivers/fsl_ftfx_flash.o
LOAD ./drivers/fsl_ftfx_flexnvm.o
LOAD ./drivers/fsl_gpio.o
LOAD ./drivers/fsl_rnga.o
LOAD ./drivers/fsl_smc.o
LOAD ./drivers/fsl_uart.o
LOAD ./device/system_MK64F12.o
LOAD ./component/uart/uart_adapter.o
LOAD ./component/serial_manager/serial_manager.o
LOAD ./component/serial_manager/serial_port_uart.o
LOAD ./component/lists/generic_list.o
LOAD ./board/board.o
LOAD ./board/clock_config.o
LOAD ./board/peripherals.o
LOAD ./board/pin_mux.o
START GROUP
LOAD c:/nxp/mcuxpressoide/ide/plugins/com.nxp.mcuxpresso.tools.win32_11.2.0.202001021529/tools/bin/../lib/gcc/arm-none-eabi/9.2.1/../../../../arm-none-eabi/lib/thumb/v7e-m+fp/hard\libcr_semihost_nf.a
LOAD c:/nxp/mcuxpressoide/ide/plugins/com.nxp.mcuxpresso.tools.win32_11.2.0.202001021529/tools/bin/../lib/gcc/arm-none-eabi/9.2.1/../../../../arm-none-eabi/lib/thumb/v7e-m+fp/hard\libcr_c.a
LOAD c:/nxp/mcuxpressoide/ide/plugins/com.nxp.mcuxpresso.tools.win32_11.2.0.202001021529/tools/bin/../lib/gcc/arm-none-eabi/9.2.1/thumb/v7e-m+fp/hard\libcr_eabihelpers.a
LOAD c:/nxp/mcuxpressoide/ide/plugins/com.nxp.mcuxpresso.tools.win32_11.2.0.202001021529/tools/bin/../lib/gcc/arm-none-eabi/9.2.1/thumb/v7e-m+fp/hard\libgcc.a
END GROUP
                0x00000000                __base_PROGRAM_FLASH = 0x0
                0x00000000                __base_Flash = 0x0
                0x00100000                __top_PROGRAM_FLASH = 0x100000
                0x00100000                __top_Flash = 0x100000
                0x20000000                __base_SRAM_UPPER = 0x20000000
                0x20000000                __base_RAM = 0x20000000
                0x20030000                __top_SRAM_UPPER = 0x20030000
                0x20030000                __top_RAM = 0x20030000
                0x1fff0000                __base_SRAM_LOWER = 0x1fff0000
                0x1fff0000                __base_RAM2 = 0x1fff0000
                0x20000000                __top_SRAM_LOWER = 0x20000000
                0x20000000                __top_RAM2 = 0x20000000
                0x14000000                __base_FLEX_RAM = 0x14000000
                0x14000000                __base_RAM3 = 0x14000000
                0x14001000                __top_FLEX_RAM = 0x14001000
                0x14001000                __top_RAM3 = 0x14001000

.text           0x00000000     0x9e08
 FILL mask 0xff
                0x00000000                __vectors_start__ = ABSOLUTE (.)
 *(SORT_BY_ALIGNMENT(.isr_vector))
 .isr_vector    0x00000000      0x198 ./startup/startup_mk64f12.o
                0x00000000                g_pfnVectors
                0x00000000                __Vectors
                0x00000198                . = ALIGN (0x4)
                0x00000198                __section_table_start = .
                0x00000198                __data_section_table = .
                0x00000198        0x4 LONG 0x9e08 LOADADDR (.data)
                0x0000019c        0x4 LONG 0x20000000 ADDR (.data)
                0x000001a0        0x4 LONG 0x10 SIZEOF (.data)
                0x000001a4        0x4 LONG 0x9e08 LOADADDR (.data_RAM2)
                0x000001a8        0x4 LONG 0x1fff0000 ADDR (.data_RAM2)
                0x000001ac        0x4 LONG 0x0 SIZEOF (.data_RAM2)
                0x000001b0        0x4 LONG 0x9e08 LOADADDR (.data_RAM3)
                0x000001b4        0x4 LONG 0x14000000 ADDR (.data_RAM3)
                0x000001b8        0x4 LONG 0x0 SIZEOF (.data_RAM3)
                0x000001bc                __data_section_table_end = .
                0x000001bc                __bss_section_table = .
                0x000001bc        0x4 LONG 0x20000010 ADDR (.bss)
                0x000001c0        0x4 LONG 0x138 SIZEOF (.bss)
                0x000001c4        0x4 LONG 0x1fff0000 ADDR (.bss_RAM2)
                0x000001c8        0x4 LONG 0x0 SIZEOF (.bss_RAM2)
                0x000001cc        0x4 LONG 0x14000000 ADDR (.bss_RAM3)
                0x000001d0        0x4 LONG 0x0 SIZEOF (.bss_RAM3)
                0x000001d4                __bss_section_table_end = .
                0x000001d4                __section_table_end = .
 *(SORT_BY_ALIGNMENT(.after_vectors*))
 .after_vectors.reset
                0x000001d4       0x4c ./startup/startup_mk64f12.o
                0x000001d4                ResetISR
 .after_vectors.init_data
                0x00000220       0x1e ./startup/startup_mk64f12.o
                0x00000220                data_init
 .after_vectors.init_bss
                0x0000023e       0x12 ./startup/startup_mk64f12.o
                0x0000023e                bss_init
 .after_vectors
                0x00000250       0x14 ./startup/startup_mk64f12.o
                0x00000250                NMI_Handler
                0x00000254                MemManage_Handler
                0x00000256                BusFault_Handler
                0x00000258                UsageFault_Handler
                0x0000025a                SVC_Handler
                0x0000025c                DebugMon_Handler
                0x0000025e                PendSV_Handler
                0x00000260                SysTick_Handler
                0x00000262                DMA_Error_DriverIRQHandler
                0x00000262                LPTMR0_DriverIRQHandler
                0x00000262                FTM1_DriverIRQHandler
                0x00000262                FTM2_DriverIRQHandler
                0x00000262                PIT2_DriverIRQHandler
                0x00000262                SDHC_DriverIRQHandler
                0x00000262                I2S0_Tx_DriverIRQHandler
                0x00000262                RTC_Seconds_DriverIRQHandler
                0x00000262                DMA6_DriverIRQHandler
                0x00000262                LLWU_DriverIRQHandler
                0x00000262                MCM_DriverIRQHandler
                0x00000262                MCG_DriverIRQHandler
                0x00000262                ENET_1588_Timer_DriverIRQHandler
                0x00000262                I2C2_DriverIRQHandler
                0x00000262                DAC1_DriverIRQHandler
                0x00000262                SPI1_DriverIRQHandler
                0x00000262                CMP1_DriverIRQHandler
                0x00000262                FTM0_DriverIRQHandler
                0x00000262                IntDefaultHandler
                0x00000262                USB0_DriverIRQHandler
                0x00000262                UART5_ERR_DriverIRQHandler
                0x00000262                PORTC_DriverIRQHandler
                0x00000262                DMA11_DriverIRQHandler
                0x00000262                DAC0_DriverIRQHandler
                0x00000262                DMA10_DriverIRQHandler
                0x00000262                CMP2_DriverIRQHandler
                0x00000262                UART2_ERR_DriverIRQHandler
                0x00000262                SPI2_DriverIRQHandler
                0x00000262                LVD_LVW_DriverIRQHandler
                0x00000262                PIT0_DriverIRQHandler
                0x00000262                DMA12_DriverIRQHandler
                0x00000262                DMA5_DriverIRQHandler
                0x00000262                DMA4_DriverIRQHandler
                0x00000262                USBDCD_DriverIRQHandler
                0x00000262                UART3_ERR_DriverIRQHandler
                0x00000262                DMA3_DriverIRQHandler
                0x00000262                DMA8_DriverIRQHandler
                0x00000262                DMA9_DriverIRQHandler
                0x00000262                UART0_ERR_DriverIRQHandler
                0x00000262                CMT_DriverIRQHandler
                0x00000262                Reserved71_DriverIRQHandler
                0x00000262                ADC1_DriverIRQHandler
                0x00000262                PORTA_DriverIRQHandler
                0x00000262                DMA14_DriverIRQHandler
                0x00000262                PIT3_DriverIRQHandler
                0x00000262                PIT1_DriverIRQHandler
                0x00000262                WDOG_EWM_DriverIRQHandler
                0x00000262                PDB0_DriverIRQHandler
                0x00000262                RTC_DriverIRQHandler
                0x00000262                I2S0_Rx_DriverIRQHandler
                0x00000262                Read_Collision_DriverIRQHandler
                0x00000262                SWI_DriverIRQHandler
                0x00000262                UART4_ERR_DriverIRQHandler
                0x00000262                PORTB_DriverIRQHandler
                0x00000262                UART0_LON_DriverIRQHandler
                0x00000262                DMA0_DriverIRQHandler
                0x00000262                DMA1_DriverIRQHandler
                0x00000262                I2C1_DriverIRQHandler
                0x00000262                ENET_Receive_DriverIRQHandler
                0x00000262                DMA13_DriverIRQHandler
                0x00000262                ENET_Error_DriverIRQHandler
                0x00000262                DMA15_DriverIRQHandler
                0x00000262                SPI0_DriverIRQHandler
                0x00000262                ADC0_DriverIRQHandler
                0x00000262                CMP0_DriverIRQHandler
                0x00000262                CAN0_DriverIRQHandler
                0x00000262                FTM3_DriverIRQHandler
                0x00000262                RNG_DriverIRQHandler
                0x00000262                UART1_ERR_DriverIRQHandler
                0x00000262                DMA2_DriverIRQHandler
                0x00000262                ENET_Transmit_DriverIRQHandler
                0x00000262                PORTD_DriverIRQHandler
                0x00000262                PORTE_DriverIRQHandler
                0x00000262                FTFE_DriverIRQHandler
                0x00000262                I2C0_DriverIRQHandler
                0x00000262                DMA7_DriverIRQHandler
                0x00000400                . = 0x400
 *fill*         0x00000264      0x19c ff
                0x00000400                PROVIDE (__FLASH_CONFIG_START__ = .)
 *(SORT_BY_ALIGNMENT(.FlashConfig))
 .FlashConfig   0x00000400       0x10 ./startup/startup_mk64f12.o
                0x00000400                Flash_Config
                0x00000410                PROVIDE (__FLASH_CONFIG_END__ = .)
                0x00000001                ASSERT (! ((__FLASH_CONFIG_START__ == __FLASH_CONFIG_END__)), Linker Flash Config Support Enabled, but no .FlashConfig section provided within application)
 *(SORT_BY_ALIGNMENT(.text*))
 *fill*         0x00000410       0xf0 ff
 .text          0x00000500     0x1b8c ./ref/keccakf1600.o
                0x00000500                KeccakF1600_Initialize
                0x00000600                KeccakF1600_StateXORBytes
                0x00000900                KeccakF1600_StateExtractBytes
                0x00000d00                KeccakF1600_StatePermute
 .text.__assertion_failed
                0x0000208c       0x18 ./utilities/fsl_assert.o
                0x0000208c                __assertion_failed
 .text.main     0x000020a4       0x8c ./source/hello_world.o
                0x000020a4                main
 .text.cpucycles_init
                0x00002130       0x38 ./ref/test/cpucycles.o
                0x00002130                cpucycles_init
 .text.cpucycles_end
                0x00002168       0x1c ./ref/test/cpucycles.o
                0x00002168                cpucycles_end
 .text.median   0x00002184       0x5c ./ref/test/speed_print.o
 .text.print_results
                0x000021e0       0x9c ./ref/test/speed_print.o
                0x000021e0                print_results
 .text.cpucycles
                0x0000227c       0x20 ./ref/test/test_speed.o
 .text.test_speed
                0x0000229c      0x214 ./ref/test/test_speed.o
                0x0000229c                test_speed
 .text.shake256
                0x000024b0      0x128 ./ref/fips202.o
                0x000024b0                shake256
 .text          0x000025d8      0xa74 ./ref/ntt.o
                0x000025dc                pqcrystals_dilithium_ntt
                0x00002afc                pqcrystals_dilithium_invntt_tomont
 .text          0x0000304c      0x128 ./ref/pointwise_mont.o
                0x0000304c                pqcrystals_dilithium_asm_pointwise_montgomery
                0x000030d0                pqcrystals_dilithium_asm_pointwise_acc_montgomery
 .text.pqcrystals_dilithium_poly_chknorm
                0x00003174       0x6c ./ref/poly.o
                0x00003174                pqcrystals_dilithium_poly_chknorm
 .text.pqcrystals_dilithium_poly_uniform
                0x000031e0      0x120 ./ref/poly.o
                0x000031e0                pqcrystals_dilithium_poly_uniform
 .text.randombytes_init
                0x00003300       0x20 ./ref/rng.o
                0x00003300                randombytes_init
 .text.randombytes
                0x00003320       0x38 ./ref/rng.o
                0x00003320                randombytes
 .text.pqcrystals_dilithium_decompose
                0x00003358       0x6c ./ref/rounding.o
                0x00003358                pqcrystals_dilithium_decompose
 .text.pqcrystals_dilithium_make_hint
                0x000033c4       0x44 ./ref/rounding.o
                0x000033c4                pqcrystals_dilithium_make_hint
 .text.crypto_sign_signature
                0x00003408      0x510 ./ref/sign.o
                0x00003408                crypto_sign_signature
 .text.crypto_sign_verify
                0x00003918      0x4c0 ./ref/sign.o
                0x00003918                crypto_sign_verify
 .text          0x00003dd8      0x19c ./ref/vector.o
                0x00003dd8                pqcrystals_dilithium_asm_reduce32
                0x00003e98                pqcrystals_dilithium_asm_caddq
                0x00003f28                pqcrystals_dilithium_asm_rej_uniform
 .text.CLOCK_SetEr32kClock
                0x00003f74       0x30 ./drivers/fsl_clock.o
 .text.CLOCK_SetPllFllSelClock
                0x00003fa4       0x3c ./drivers/fsl_clock.o
 .text.CLOCK_GetMcgExtClkFreq
                0x00003fe0       0x7c ./drivers/fsl_clock.o
 .text.CLOCK_GetFllExtRefClkFreq
                0x0000405c       0xb0 ./drivers/fsl_clock.o
 .text.CLOCK_GetInternalRefClkSelectFreq
                0x0000410c       0x4c ./drivers/fsl_clock.o
 .text.CLOCK_GetFllRefClkFreq
                0x00004158       0x34 ./drivers/fsl_clock.o
 .text.CLOCK_GetOscRangeFromFreq
                0x0000418c       0x3c ./drivers/fsl_clock.o
 .text.CLOCK_GetCoreSysClkFreq
                0x000041c8       0x28 ./drivers/fsl_clock.o
                0x000041c8                CLOCK_GetCoreSysClkFreq
 .text.CLOCK_SetSimConfig
                0x000041f0       0x38 ./drivers/fsl_clock.o
                0x000041f0                CLOCK_SetSimConfig
 .text.CLOCK_GetOutClkFreq
                0x00004228       0x64 ./drivers/fsl_clock.o
                0x00004228                CLOCK_GetOutClkFreq
 .text.CLOCK_GetFllFreq
                0x0000428c       0x84 ./drivers/fsl_clock.o
                0x0000428c                CLOCK_GetFllFreq
 .text.CLOCK_GetPll0Freq
                0x00004310       0x78 ./drivers/fsl_clock.o
                0x00004310                CLOCK_GetPll0Freq
 .text.CLOCK_SetExternalRefClkConfig
                0x00004388       0x6c ./drivers/fsl_clock.o
                0x00004388                CLOCK_SetExternalRefClkConfig
 .text.CLOCK_SetInternalRefClkConfig
                0x000043f4      0x104 ./drivers/fsl_clock.o
                0x000043f4                CLOCK_SetInternalRefClkConfig
 .text.CLOCK_EnablePll0
                0x000044f8       0x88 ./drivers/fsl_clock.o
                0x000044f8                CLOCK_EnablePll0
 .text.CLOCK_InitOsc0
                0x00004580       0x8c ./drivers/fsl_clock.o
                0x00004580                CLOCK_InitOsc0
 .text.CLOCK_SetPbeMode
                0x0000460c       0xa8 ./drivers/fsl_clock.o
                0x0000460c                CLOCK_SetPbeMode
 .text.CLOCK_BootToPeeMode
                0x000046b4       0x64 ./drivers/fsl_clock.o
                0x000046b4                CLOCK_BootToPeeMode
 .text.RNGA_Init
                0x00004718       0x38 ./drivers/fsl_rnga.o
                0x00004718                RNGA_Init
 .text.UART0_DriverIRQHandler
                0x00004750       0x28 ./drivers/fsl_uart.o
                0x00004750                UART0_DriverIRQHandler
 .text.UART1_DriverIRQHandler
                0x00004778       0x28 ./drivers/fsl_uart.o
                0x00004778                UART1_DriverIRQHandler
 .text.UART2_DriverIRQHandler
                0x000047a0       0x28 ./drivers/fsl_uart.o
                0x000047a0                UART2_DriverIRQHandler
 .text.UART3_DriverIRQHandler
                0x000047c8       0x28 ./drivers/fsl_uart.o
                0x000047c8                UART3_DriverIRQHandler
 .text.UART4_DriverIRQHandler
                0x000047f0       0x28 ./drivers/fsl_uart.o
                0x000047f0                UART4_DriverIRQHandler
 .text.UART5_DriverIRQHandler
                0x00004818       0x28 ./drivers/fsl_uart.o
                0x00004818                UART5_DriverIRQHandler
 .text.SystemInit
                0x00004840       0x3c ./device/system_MK64F12.o
                0x00004840                SystemInit
 .text.CLOCK_SetSimSafeDivs
                0x0000487c       0x20 ./board/clock_config.o
 .text.CLOCK_SetXtal0Freq
                0x0000489c       0x20 ./board/clock_config.o
 .text.CLOCK_CONFIG_SetFllExtRefDiv
                0x000048bc       0x3c ./board/clock_config.o
 .text.BOARD_BootClockRUN
                0x000048f8       0x60 ./board/clock_config.o
                0x000048f8                BOARD_BootClockRUN
 .text.BOARD_InitPins
                0x00004958       0x70 ./board/pin_mux.o
                0x00004958                BOARD_InitPins
 .text.__filbuf
                0x000049c8      0x178 c:/nxp/mcuxpressoide/ide/plugins/com.nxp.mcuxpresso.tools.win32_11.2.0.202001021529/tools/bin/../lib/gcc/arm-none-eabi/9.2.1/../../../../arm-none-eabi/lib/thumb/v7e-m+fp/hard\libcr_c.a(__fillbuf.o)
                0x000049c8                __filbuf
 .text._Cwritebuf
                0x00004b40       0x6c c:/nxp/mcuxpressoide/ide/plugins/com.nxp.mcuxpresso.tools.win32_11.2.0.202001021529/tools/bin/../lib/gcc/arm-none-eabi/9.2.1/../../../../arm-none-eabi/lib/thumb/v7e-m+fp/hard\libcr_c.a(_writebuf.o)
                0x00004b40                _Cwritebuf
 .text.malloc   0x00004bac       0xc8 c:/nxp/mcuxpressoide/ide/plugins/com.nxp.mcuxpresso.tools.win32_11.2.0.202001021529/tools/bin/../lib/gcc/arm-none-eabi/9.2.1/../../../../arm-none-eabi/lib/thumb/v7e-m+fp/hard\libcr_c.a(alloc.o)
                0x00004bac                malloc
 .text._Csys_alloc
                0x00004c74       0x20 c:/nxp/mcuxpressoide/ide/plugins/com.nxp.mcuxpresso.tools.win32_11.2.0.202001021529/tools/bin/../lib/gcc/arm-none-eabi/9.2.1/../../../../arm-none-eabi/lib/thumb/v7e-m+fp/hard\libcr_c.a(alloc.o)
                0x00004c74                _Csys_alloc
 .text.fseek    0x00004c94      0x100 c:/nxp/mcuxpressoide/ide/plugins/com.nxp.mcuxpresso.tools.win32_11.2.0.202001021529/tools/bin/../lib/gcc/arm-none-eabi/9.2.1/../../../../arm-none-eabi/lib/thumb/v7e-m+fp/hard\libcr_c.a(fseek.o)
                0x00004c94                fseek
 .text.ftell    0x00004d94       0x44 c:/nxp/mcuxpressoide/ide/plugins/com.nxp.mcuxpresso.tools.win32_11.2.0.202001021529/tools/bin/../lib/gcc/arm-none-eabi/9.2.1/../../../../arm-none-eabi/lib/thumb/v7e-m+fp/hard\libcr_c.a(ftell.o)
                0x00004d94                ftell
 .text._initio  0x00004dd8       0x78 c:/nxp/mcuxpressoide/ide/plugins/com.nxp.mcuxpresso.tools.win32_11.2.0.202001021529/tools/bin/../lib/gcc/arm-none-eabi/9.2.1/../../../../arm-none-eabi/lib/thumb/v7e-m+fp/hard\libcr_c.a(initio.o)
                0x00004dd8                _initio
 .text.__vfprintf
                0x00004e50      0xce8 c:/nxp/mcuxpressoide/ide/plugins/com.nxp.mcuxpresso.tools.win32_11.2.0.202001021529/tools/bin/../lib/gcc/arm-none-eabi/9.2.1/../../../../arm-none-eabi/lib/thumb/v7e-m+fp/hard\libcr_c.a(printf.o)
                0x00004e50                __vfprintf
 .text._vsnprintf
                0x00005b38       0x68 c:/nxp/mcuxpressoide/ide/plugins/com.nxp.mcuxpresso.tools.win32_11.2.0.202001021529/tools/bin/../lib/gcc/arm-none-eabi/9.2.1/../../../../arm-none-eabi/lib/thumb/v7e-m+fp/hard\libcr_c.a(printf.o)
                0x00005b38                _vsnprintf
 .text._printf  0x00005ba0       0x54 c:/nxp/mcuxpressoide/ide/plugins/com.nxp.mcuxpresso.tools.win32_11.2.0.202001021529/tools/bin/../lib/gcc/arm-none-eabi/9.2.1/../../../../arm-none-eabi/lib/thumb/v7e-m+fp/hard\libcr_c.a(printf.o)
                0x00005ba0                _printf
 .text._sbrk    0x00005bf4       0x3c c:/nxp/mcuxpressoide/ide/plugins/com.nxp.mcuxpresso.tools.win32_11.2.0.202001021529/tools/bin/../lib/gcc/arm-none-eabi/9.2.1/../../../../arm-none-eabi/lib/thumb/v7e-m+fp/hard\libcr_c.a(_cr_sbrk.o)
                0x00005bf4                _sbrk
 .text.fflush   0x00005c30       0x44 c:/nxp/mcuxpressoide/ide/plugins/com.nxp.mcuxpresso.tools.win32_11.2.0.202001021529/tools/bin/../lib/gcc/arm-none-eabi/9.2.1/../../../../arm-none-eabi/lib/thumb/v7e-m+fp/hard\libcr_c.a(fflush.o)
                0x00005c30                fflush
 .text.__check_heap_overflow
                0x00005c74       0x18 c:/nxp/mcuxpressoide/ide/plugins/com.nxp.mcuxpresso.tools.win32_11.2.0.202001021529/tools/bin/../lib/gcc/arm-none-eabi/9.2.1/../../../../arm-none-eabi/lib/thumb/v7e-m+fp/hard\libcr_c.a(_cr_check_heap.o)
                0x00005c74                __check_heap_overflow
 .text.__sys_appexit
                0x00005c8c        0xc c:/nxp/mcuxpressoide/ide/plugins/com.nxp.mcuxpresso.tools.win32_11.2.0.202001021529/tools/bin/../lib/gcc/arm-none-eabi/9.2.1/../../../../arm-none-eabi/lib/thumb/v7e-m+fp/hard\libcr_semihost_nf.a(__sys_appexit.o)
                0x00005c8c                __sys_appexit
                0x00005c8c                __exit
 .text.DMA0_IRQHandler
                0x00005c98        0x8 ./startup/startup_mk64f12.o
                0x00005c98                DMA0_IRQHandler
 .text.DMA1_IRQHandler
                0x00005ca0        0x8 ./startup/startup_mk64f12.o
                0x00005ca0                DMA1_IRQHandler
 .text.DMA2_IRQHandler
                0x00005ca8        0x8 ./startup/startup_mk64f12.o
                0x00005ca8                DMA2_IRQHandler
 .text.DMA3_IRQHandler
                0x00005cb0        0x8 ./startup/startup_mk64f12.o
                0x00005cb0                DMA3_IRQHandler
 .text.DMA4_IRQHandler
                0x00005cb8        0x8 ./startup/startup_mk64f12.o
                0x00005cb8                DMA4_IRQHandler
 .text.DMA5_IRQHandler
                0x00005cc0        0x8 ./startup/startup_mk64f12.o
                0x00005cc0                DMA5_IRQHandler
 .text.DMA6_IRQHandler
                0x00005cc8        0x8 ./startup/startup_mk64f12.o
                0x00005cc8                DMA6_IRQHandler
 .text.DMA7_IRQHandler
                0x00005cd0        0x8 ./startup/startup_mk64f12.o
                0x00005cd0                DMA7_IRQHandler
 .text.DMA8_IRQHandler
                0x00005cd8        0x8 ./startup/startup_mk64f12.o
                0x00005cd8                DMA8_IRQHandler
 .text.DMA9_IRQHandler
                0x00005ce0        0x8 ./startup/startup_mk64f12.o
                0x00005ce0                DMA9_IRQHandler
 .text.DMA10_IRQHandler
                0x00005ce8        0x8 ./startup/startup_mk64f12.o
                0x00005ce8                DMA10_IRQHandler
 .text.DMA11_IRQHandler
                0x00005cf0        0x8 ./startup/startup_mk64f12.o
                0x00005cf0                DMA11_IRQHandler
 .text.DMA12_IRQHandler
                0x00005cf8        0x8 ./startup/startup_mk64f12.o
                0x00005cf8                DMA12_IRQHandler
 .text.DMA13_IRQHandler
                0x00005d00        0x8 ./startup/startup_mk64f12.o
                0x00005d00                DMA13_IRQHandler
 .text.DMA14_IRQHandler
                0x00005d08        0x8 ./startup/startup_mk64f12.o
                0x00005d08                DMA14_IRQHandler
 .text.DMA15_IRQHandler
                0x00005d10        0x8 ./startup/startup_mk64f12.o
                0x00005d10                DMA15_IRQHandler
 .text.DMA_Error_IRQHandler
                0x00005d18        0x8 ./startup/startup_mk64f12.o
                0x00005d18                DMA_Error_IRQHandler
 .text.MCM_IRQHandler
                0x00005d20        0x8 ./startup/startup_mk64f12.o
                0x00005d20                MCM_IRQHandler
 .text.FTFE_IRQHandler
                0x00005d28        0x8 ./startup/startup_mk64f12.o
                0x00005d28                FTFE_IRQHandler
 .text.Read_Collision_IRQHandler
                0x00005d30        0x8 ./startup/startup_mk64f12.o
                0x00005d30                Read_Collision_IRQHandler
 .text.LVD_LVW_IRQHandler
                0x00005d38        0x8 ./startup/startup_mk64f12.o
                0x00005d38                LVD_LVW_IRQHandler
 .text.LLWU_IRQHandler
                0x00005d40        0x8 ./startup/startup_mk64f12.o
                0x00005d40                LLWU_IRQHandler
 .text.WDOG_EWM_IRQHandler
                0x00005d48        0x8 ./startup/startup_mk64f12.o
                0x00005d48                WDOG_EWM_IRQHandler
 .text.RNG_IRQHandler
                0x00005d50        0x8 ./startup/startup_mk64f12.o
                0x00005d50                RNG_IRQHandler
 .text.I2C0_IRQHandler
                0x00005d58        0x8 ./startup/startup_mk64f12.o
                0x00005d58                I2C0_IRQHandler
 .text.I2C1_IRQHandler
                0x00005d60        0x8 ./startup/startup_mk64f12.o
                0x00005d60                I2C1_IRQHandler
 .text.SPI0_IRQHandler
                0x00005d68        0x8 ./startup/startup_mk64f12.o
                0x00005d68                SPI0_IRQHandler
 .text.SPI1_IRQHandler
                0x00005d70        0x8 ./startup/startup_mk64f12.o
                0x00005d70                SPI1_IRQHandler
 .text.I2S0_Tx_IRQHandler
                0x00005d78        0x8 ./startup/startup_mk64f12.o
                0x00005d78                I2S0_Tx_IRQHandler
 .text.I2S0_Rx_IRQHandler
                0x00005d80        0x8 ./startup/startup_mk64f12.o
                0x00005d80                I2S0_Rx_IRQHandler
 .text.UART0_LON_IRQHandler
                0x00005d88        0x8 ./startup/startup_mk64f12.o
                0x00005d88                UART0_LON_IRQHandler
 .text.UART0_RX_TX_IRQHandler
                0x00005d90        0x8 ./startup/startup_mk64f12.o
                0x00005d90                UART0_RX_TX_IRQHandler
 .text.UART0_ERR_IRQHandler
                0x00005d98        0x8 ./startup/startup_mk64f12.o
                0x00005d98                UART0_ERR_IRQHandler
 .text.UART1_RX_TX_IRQHandler
                0x00005da0        0x8 ./startup/startup_mk64f12.o
                0x00005da0                UART1_RX_TX_IRQHandler
 .text.UART1_ERR_IRQHandler
                0x00005da8        0x8 ./startup/startup_mk64f12.o
                0x00005da8                UART1_ERR_IRQHandler
 .text.UART2_RX_TX_IRQHandler
                0x00005db0        0x8 ./startup/startup_mk64f12.o
                0x00005db0                UART2_RX_TX_IRQHandler
 .text.UART2_ERR_IRQHandler
                0x00005db8        0x8 ./startup/startup_mk64f12.o
                0x00005db8                UART2_ERR_IRQHandler
 .text.UART3_RX_TX_IRQHandler
                0x00005dc0        0x8 ./startup/startup_mk64f12.o
                0x00005dc0                UART3_RX_TX_IRQHandler
 .text.UART3_ERR_IRQHandler
                0x00005dc8        0x8 ./startup/startup_mk64f12.o
                0x00005dc8                UART3_ERR_IRQHandler
 .text.ADC0_IRQHandler
                0x00005dd0        0x8 ./startup/startup_mk64f12.o
                0x00005dd0                ADC0_IRQHandler
 .text.CMP0_IRQHandler
                0x00005dd8        0x8 ./startup/startup_mk64f12.o
                0x00005dd8                CMP0_IRQHandler
 .text.CMP1_IRQHandler
                0x00005de0        0x8 ./startup/startup_mk64f12.o
                0x00005de0                CMP1_IRQHandler
 .text.FTM0_IRQHandler
                0x00005de8        0x8 ./startup/startup_mk64f12.o
                0x00005de8                FTM0_IRQHandler
 .text.FTM1_IRQHandler
                0x00005df0        0x8 ./startup/startup_mk64f12.o
                0x00005df0                FTM1_IRQHandler
 .text.FTM2_IRQHandler
                0x00005df8        0x8 ./startup/startup_mk64f12.o
                0x00005df8                FTM2_IRQHandler
 .text.CMT_IRQHandler
                0x00005e00        0x8 ./startup/startup_mk64f12.o
                0x00005e00                CMT_IRQHandler
 .text.RTC_IRQHandler
                0x00005e08        0x8 ./startup/startup_mk64f12.o
                0x00005e08                RTC_IRQHandler
 .text.RTC_Seconds_IRQHandler
                0x00005e10        0x8 ./startup/startup_mk64f12.o
                0x00005e10                RTC_Seconds_IRQHandler
 .text.PIT0_IRQHandler
                0x00005e18        0x8 ./startup/startup_mk64f12.o
                0x00005e18                PIT0_IRQHandler
 .text.PIT1_IRQHandler
                0x00005e20        0x8 ./startup/startup_mk64f12.o
                0x00005e20                PIT1_IRQHandler
 .text.PIT2_IRQHandler
                0x00005e28        0x8 ./startup/startup_mk64f12.o
                0x00005e28                PIT2_IRQHandler
 .text.PIT3_IRQHandler
                0x00005e30        0x8 ./startup/startup_mk64f12.o
                0x00005e30                PIT3_IRQHandler
 .text.PDB0_IRQHandler
                0x00005e38        0x8 ./startup/startup_mk64f12.o
                0x00005e38                PDB0_IRQHandler
 .text.USB0_IRQHandler
                0x00005e40        0x8 ./startup/startup_mk64f12.o
                0x00005e40                USB0_IRQHandler
 .text.USBDCD_IRQHandler
                0x00005e48        0x8 ./startup/startup_mk64f12.o
                0x00005e48                USBDCD_IRQHandler
 .text.Reserved71_IRQHandler
                0x00005e50        0x8 ./startup/startup_mk64f12.o
                0x00005e50                Reserved71_IRQHandler
 .text.DAC0_IRQHandler
                0x00005e58        0x8 ./startup/startup_mk64f12.o
                0x00005e58                DAC0_IRQHandler
 .text.MCG_IRQHandler
                0x00005e60        0x8 ./startup/startup_mk64f12.o
                0x00005e60                MCG_IRQHandler
 .text.LPTMR0_IRQHandler
                0x00005e68        0x8 ./startup/startup_mk64f12.o
                0x00005e68                LPTMR0_IRQHandler
 .text.PORTA_IRQHandler
                0x00005e70        0x8 ./startup/startup_mk64f12.o
                0x00005e70                PORTA_IRQHandler
 .text.PORTB_IRQHandler
                0x00005e78        0x8 ./startup/startup_mk64f12.o
                0x00005e78                PORTB_IRQHandler
 .text.PORTC_IRQHandler
                0x00005e80        0x8 ./startup/startup_mk64f12.o
                0x00005e80                PORTC_IRQHandler
 .text.PORTD_IRQHandler
                0x00005e88        0x8 ./startup/startup_mk64f12.o
                0x00005e88                PORTD_IRQHandler
 .text.PORTE_IRQHandler
                0x00005e90        0x8 ./startup/startup_mk64f12.o
                0x00005e90                PORTE_IRQHandler
 .text.SWI_IRQHandler
                0x00005e98        0x8 ./startup/startup_mk64f12.o
                0x00005e98                SWI_IRQHandler
 .text.SPI2_IRQHandler
                0x00005ea0        0x8 ./startup/startup_mk64f12.o
                0x00005ea0                SPI2_IRQHandler
 .text.UART4_RX_TX_IRQHandler
                0x00005ea8        0x8 ./startup/startup_mk64f12.o
                0x00005ea8                UART4_RX_TX_IRQHandler
 .text.UART4_ERR_IRQHandler
                0x00005eb0        0x8 ./startup/startup_mk64f12.o
                0x00005eb0                UART4_ERR_IRQHandler
 .text.UART5_RX_TX_IRQHandler
                0x00005eb8        0x8 ./startup/startup_mk64f12.o
                0x00005eb8                UART5_RX_TX_IRQHandler
 .text.UART5_ERR_IRQHandler
                0x00005ec0        0x8 ./startup/startup_mk64f12.o
                0x00005ec0                UART5_ERR_IRQHandler
 .text.CMP2_IRQHandler
                0x00005ec8        0x8 ./startup/startup_mk64f12.o
                0x00005ec8                CMP2_IRQHandler
 .text.FTM3_IRQHandler
                0x00005ed0        0x8 ./startup/startup_mk64f12.o
                0x00005ed0                FTM3_IRQHandler
 .text.DAC1_IRQHandler
                0x00005ed8        0x8 ./startup/startup_mk64f12.o
                0x00005ed8                DAC1_IRQHandler
 .text.ADC1_IRQHandler
                0x00005ee0        0x8 ./startup/startup_mk64f12.o
                0x00005ee0                ADC1_IRQHandler
 .text.I2C2_IRQHandler
                0x00005ee8        0x8 ./startup/startup_mk64f12.o
                0x00005ee8                I2C2_IRQHandler
 .text.CAN0_ORed_Message_buffer_IRQHandler
                0x00005ef0        0x8 ./startup/startup_mk64f12.o
                0x00005ef0                CAN0_ORed_Message_buffer_IRQHandler
 .text.CAN0_Bus_Off_IRQHandler
                0x00005ef8        0x8 ./startup/startup_mk64f12.o
                0x00005ef8                CAN0_Bus_Off_IRQHandler
 .text.CAN0_Error_IRQHandler
                0x00005f00        0x8 ./startup/startup_mk64f12.o
                0x00005f00                CAN0_Error_IRQHandler
 .text.CAN0_Tx_Warning_IRQHandler
                0x00005f08        0x8 ./startup/startup_mk64f12.o
                0x00005f08                CAN0_Tx_Warning_IRQHandler
 .text.CAN0_Rx_Warning_IRQHandler
                0x00005f10        0x8 ./startup/startup_mk64f12.o
                0x00005f10                CAN0_Rx_Warning_IRQHandler
 .text.CAN0_Wake_Up_IRQHandler
                0x00005f18        0x8 ./startup/startup_mk64f12.o
                0x00005f18                CAN0_Wake_Up_IRQHandler
 .text.SDHC_IRQHandler
                0x00005f20        0x8 ./startup/startup_mk64f12.o
                0x00005f20                SDHC_IRQHandler
 .text.ENET_1588_Timer_IRQHandler
                0x00005f28        0x8 ./startup/startup_mk64f12.o
                0x00005f28                ENET_1588_Timer_IRQHandler
 .text.ENET_Transmit_IRQHandler
                0x00005f30        0x8 ./startup/startup_mk64f12.o
                0x00005f30                ENET_Transmit_IRQHandler
 .text.ENET_Receive_IRQHandler
                0x00005f38        0x8 ./startup/startup_mk64f12.o
                0x00005f38                ENET_Receive_IRQHandler
 .text.ENET_Error_IRQHandler
                0x00005f40        0x8 ./startup/startup_mk64f12.o
                0x00005f40                ENET_Error_IRQHandler
 .text.HardFault_Handler
                0x00005f48       0x2c ./source/semihost_hardfault.o
                0x00005f48                HardFault_Handler
 .text.cmp_uint64
                0x00005f74       0x3a ./ref/test/speed_print.o
 .text.average  0x00005fae       0x46 ./ref/test/speed_print.o
 .text.test_init
                0x00005ff4       0x20 ./ref/test/test_speed.o
                0x00005ff4                test_init
 .text.test_end
                0x00006014        0xc ./ref/test/test_speed.o
                0x00006014                test_end
 .text.keccak_absorb
                0x00006020       0xe0 ./ref/fips202.o
 .text.keccak_squeezeblocks
                0x00006100       0x40 ./ref/fips202.o
 .text.keccak_inc_init
                0x00006140       0x4c ./ref/fips202.o
 .text.keccak_inc_absorb
                0x0000618c       0xd0 ./ref/fips202.o
 .text.keccak_inc_finalize
                0x0000625c       0x94 ./ref/fips202.o
 .text.keccak_inc_squeeze
                0x000062f0       0xd8 ./ref/fips202.o
 .text.shake128_inc_init
                0x000063c8       0x18 ./ref/fips202.o
                0x000063c8                shake128_inc_init
 .text.shake128_inc_absorb
                0x000063e0       0x20 ./ref/fips202.o
                0x000063e0                shake128_inc_absorb
 .text.shake128_inc_finalize
                0x00006400       0x1c ./ref/fips202.o
                0x00006400                shake128_inc_finalize
 .text.shake128_inc_squeeze
                0x0000641c       0x20 ./ref/fips202.o
                0x0000641c                shake128_inc_squeeze
 .text.shake256_inc_init
                0x0000643c       0x18 ./ref/fips202.o
                0x0000643c                shake256_inc_init
 .text.shake256_inc_absorb
                0x00006454       0x20 ./ref/fips202.o
                0x00006454                shake256_inc_absorb
 .text.shake256_inc_finalize
                0x00006474       0x1c ./ref/fips202.o
                0x00006474                shake256_inc_finalize
 .text.shake256_inc_squeeze
                0x00006490       0x20 ./ref/fips202.o
                0x00006490                shake256_inc_squeeze
 .text.copy_array
                0x000064b0       0xca ./ref/packing.o
 .text.pqcrystals_dilithium_pack_pk
                0x0000657a       0x56 ./ref/packing.o
                0x0000657a                pqcrystals_dilithium_pack_pk
 .text.pqcrystals_dilithium_unpack_pk
                0x000065d0       0x56 ./ref/packing.o
                0x000065d0                pqcrystals_dilithium_unpack_pk
 .text.pqcrystals_dilithium_pack_sk
                0x00006626       0xd6 ./ref/packing.o
                0x00006626                pqcrystals_dilithium_pack_sk
 .text.pqcrystals_dilithium_unpack_sk
                0x000066fc       0xd6 ./ref/packing.o
                0x000066fc                pqcrystals_dilithium_unpack_sk
 .text.pqcrystals_dilithium_pack_sig
                0x000067d2       0xd4 ./ref/packing.o
                0x000067d2                pqcrystals_dilithium_pack_sig
 .text.pqcrystals_dilithium_unpack_sig
                0x000068a6      0x142 ./ref/packing.o
                0x000068a6                pqcrystals_dilithium_unpack_sig
 .text.pqcrystals_dilithium_poly_reduce
                0x000069e8       0x18 ./ref/poly.o
                0x000069e8                pqcrystals_dilithium_poly_reduce
 .text.pqcrystals_dilithium_poly_caddq
                0x00006a00       0x18 ./ref/poly.o
                0x00006a00                pqcrystals_dilithium_poly_caddq
 .text.pqcrystals_dilithium_poly_add
                0x00006a18      0x128 ./ref/poly.o
                0x00006a18                pqcrystals_dilithium_poly_add
 .text.pqcrystals_dilithium_poly_sub
                0x00006b40      0x128 ./ref/poly.o
                0x00006b40                pqcrystals_dilithium_poly_sub
 .text.pqcrystals_dilithium_poly_shiftl
                0x00006c68       0xd4 ./ref/poly.o
                0x00006c68                pqcrystals_dilithium_poly_shiftl
 .text.pqcrystals_dilithium_poly_ntt
                0x00006d3c       0x18 ./ref/poly.o
                0x00006d3c                pqcrystals_dilithium_poly_ntt
 .text.pqcrystals_dilithium_poly_invntt_tomont
                0x00006d54       0x18 ./ref/poly.o
                0x00006d54                pqcrystals_dilithium_poly_invntt_tomont
 .text.pqcrystals_dilithium_poly_pointwise_montgomery
                0x00006d6c       0x20 ./ref/poly.o
                0x00006d6c                pqcrystals_dilithium_poly_pointwise_montgomery
 .text.pqcrystals_dilithium_poly_pointwise_acc_montgomery
                0x00006d8c       0x20 ./ref/poly.o
                0x00006d8c                pqcrystals_dilithium_poly_pointwise_acc_montgomery
 .text.pqcrystals_dilithium_poly_power2round
                0x00006dac      0x154 ./ref/poly.o
                0x00006dac                pqcrystals_dilithium_poly_power2round
 .text.pqcrystals_dilithium_poly_decompose
                0x00006f00      0x154 ./ref/poly.o
                0x00006f00                pqcrystals_dilithium_poly_decompose
 .text.pqcrystals_dilithium_poly_make_hint
                0x00007054       0x5e ./ref/poly.o
                0x00007054                pqcrystals_dilithium_poly_make_hint
 .text.pqcrystals_dilithium_poly_use_hint
                0x000070b2      0x164 ./ref/poly.o
                0x000070b2                pqcrystals_dilithium_poly_use_hint
 .text.rej_eta  0x00007216       0x96 ./ref/poly.o
 .text.pqcrystals_dilithium_poly_uniform_eta
                0x000072ac       0xae ./ref/poly.o
                0x000072ac                pqcrystals_dilithium_poly_uniform_eta
 .text.pqcrystals_dilithium_poly_uniform_gamma1
                0x0000735a       0x56 ./ref/poly.o
                0x0000735a                pqcrystals_dilithium_poly_uniform_gamma1
 .text.pqcrystals_dilithium_poly_challenge
                0x000073b0      0x190 ./ref/poly.o
                0x000073b0                pqcrystals_dilithium_poly_challenge
 .text.pqcrystals_dilithium_polyeta_pack
                0x00007540       0x6c ./ref/poly.o
                0x00007540                pqcrystals_dilithium_polyeta_pack
 .text.pqcrystals_dilithium_polyeta_unpack
                0x000075ac       0x8e ./ref/poly.o
                0x000075ac                pqcrystals_dilithium_polyeta_unpack
 .text.pqcrystals_dilithium_polyt1_pack
                0x0000763a      0x104 ./ref/poly.o
                0x0000763a                pqcrystals_dilithium_polyt1_pack
 .text.pqcrystals_dilithium_polyt1_unpack
                0x0000773e      0x112 ./ref/poly.o
                0x0000773e                pqcrystals_dilithium_polyt1_unpack
 .text.pqcrystals_dilithium_polyt0_pack
                0x00007850      0x382 ./ref/poly.o
                0x00007850                pqcrystals_dilithium_polyt0_pack
 .text.pqcrystals_dilithium_polyt0_unpack
                0x00007bd2      0x550 ./ref/poly.o
                0x00007bd2                pqcrystals_dilithium_polyt0_unpack
 .text.pqcrystals_dilithium_polyz_pack
                0x00008122       0xe4 ./ref/poly.o
                0x00008122                pqcrystals_dilithium_polyz_pack
 .text.pqcrystals_dilithium_polyz_unpack
                0x00008206      0x178 ./ref/poly.o
                0x00008206                pqcrystals_dilithium_polyz_unpack
 .text.pqcrystals_dilithium_polyw1_pack
                0x0000837e       0x54 ./ref/poly.o
                0x0000837e                pqcrystals_dilithium_polyw1_pack
 .text.pqcrystals_dilithium_polyvec_matrix_expand
                0x000083d2       0x66 ./ref/polyvec.o
                0x000083d2                pqcrystals_dilithium_polyvec_matrix_expand
 .text.pqcrystals_dilithium_polyvec_matrix_pointwise_montgomery
                0x00008438       0x48 ./ref/polyvec.o
                0x00008438                pqcrystals_dilithium_polyvec_matrix_pointwise_montgomery
 .text.pqcrystals_dilithium_polyvecl_uniform_eta
                0x00008480       0x40 ./ref/polyvec.o
                0x00008480                pqcrystals_dilithium_polyvecl_uniform_eta
 .text.pqcrystals_dilithium_polyvecl_uniform_gamma1
                0x000084c0       0x4c ./ref/polyvec.o
                0x000084c0                pqcrystals_dilithium_polyvecl_uniform_gamma1
 .text.pqcrystals_dilithium_polyvecl_reduce
                0x0000850c       0x32 ./ref/polyvec.o
                0x0000850c                pqcrystals_dilithium_polyvecl_reduce
 .text.pqcrystals_dilithium_polyvecl_add
                0x0000853e       0x46 ./ref/polyvec.o
                0x0000853e                pqcrystals_dilithium_polyvecl_add
 .text.pqcrystals_dilithium_polyvecl_ntt
                0x00008584       0x32 ./ref/polyvec.o
                0x00008584                pqcrystals_dilithium_polyvecl_ntt
 .text.pqcrystals_dilithium_polyvecl_invntt_tomont
                0x000085b6       0x32 ./ref/polyvec.o
                0x000085b6                pqcrystals_dilithium_polyvecl_invntt_tomont
 .text.pqcrystals_dilithium_polyvecl_pointwise_poly_montgomery
                0x000085e8       0x40 ./ref/polyvec.o
                0x000085e8                pqcrystals_dilithium_polyvecl_pointwise_poly_montgomery
 .text.pqcrystals_dilithium_polyvecl_pointwise_acc_montgomery
                0x00008628       0x4c ./ref/polyvec.o
                0x00008628                pqcrystals_dilithium_polyvecl_pointwise_acc_montgomery
 .text.pqcrystals_dilithium_polyvecl_chknorm
                0x00008674       0x40 ./ref/polyvec.o
                0x00008674                pqcrystals_dilithium_polyvecl_chknorm
 .text.pqcrystals_dilithium_polyveck_uniform_eta
                0x000086b4       0x40 ./ref/polyvec.o
                0x000086b4                pqcrystals_dilithium_polyveck_uniform_eta
 .text.pqcrystals_dilithium_polyveck_reduce
                0x000086f4       0x32 ./ref/polyvec.o
                0x000086f4                pqcrystals_dilithium_polyveck_reduce
 .text.pqcrystals_dilithium_polyveck_caddq
                0x00008726       0x32 ./ref/polyvec.o
                0x00008726                pqcrystals_dilithium_polyveck_caddq
 .text.pqcrystals_dilithium_polyveck_add
                0x00008758       0x46 ./ref/polyvec.o
                0x00008758                pqcrystals_dilithium_polyveck_add
 .text.pqcrystals_dilithium_polyveck_sub
                0x0000879e       0x46 ./ref/polyvec.o
                0x0000879e                pqcrystals_dilithium_polyveck_sub
 .text.pqcrystals_dilithium_polyveck_shiftl
                0x000087e4       0x32 ./ref/polyvec.o
                0x000087e4                pqcrystals_dilithium_polyveck_shiftl
 .text.pqcrystals_dilithium_polyveck_ntt
                0x00008816       0x32 ./ref/polyvec.o
                0x00008816                pqcrystals_dilithium_polyveck_ntt
 .text.pqcrystals_dilithium_polyveck_invntt_tomont
                0x00008848       0x32 ./ref/polyvec.o
                0x00008848                pqcrystals_dilithium_polyveck_invntt_tomont
 .text.pqcrystals_dilithium_polyveck_pointwise_poly_montgomery
                0x0000887a       0x40 ./ref/polyvec.o
                0x0000887a                pqcrystals_dilithium_polyveck_pointwise_poly_montgomery
 .text.pqcrystals_dilithium_polyveck_chknorm
                0x000088ba       0x40 ./ref/polyvec.o
                0x000088ba                pqcrystals_dilithium_polyveck_chknorm
 .text.pqcrystals_dilithium_polyveck_power2round
                0x000088fa       0x46 ./ref/polyvec.o
                0x000088fa                pqcrystals_dilithium_polyveck_power2round
 .text.pqcrystals_dilithium_polyveck_decompose
                0x00008940       0x46 ./ref/polyvec.o
                0x00008940                pqcrystals_dilithium_polyveck_decompose
 .text.pqcrystals_dilithium_polyveck_make_hint
                0x00008986       0x52 ./ref/polyvec.o
                0x00008986                pqcrystals_dilithium_polyveck_make_hint
 .text.pqcrystals_dilithium_polyveck_use_hint
                0x000089d8       0x46 ./ref/polyvec.o
                0x000089d8                pqcrystals_dilithium_polyveck_use_hint
 .text.pqcrystals_dilithium_polyveck_pack_w1
                0x00008a1e       0x3c ./ref/polyvec.o
                0x00008a1e                pqcrystals_dilithium_polyveck_pack_w1
 .text.pqcrystals_dilithium_power2round
                0x00008a5a       0x2e ./ref/rounding.o
                0x00008a5a                pqcrystals_dilithium_power2round
 .text.pqcrystals_dilithium_use_hint
                0x00008a88       0x42 ./ref/rounding.o
                0x00008a88                pqcrystals_dilithium_use_hint
 .text.crypto_sign_keypair
                0x00008aca      0x232 ./ref/sign.o
                0x00008aca                crypto_sign_keypair
 .text.pqcrystals_dilithium_dilithium_shake128_stream_init
                0x00008cfc       0x4a ./ref/symmetric-shake.o
                0x00008cfc                pqcrystals_dilithium_dilithium_shake128_stream_init
 .text.pqcrystals_dilithium_dilithium_shake256_stream_init
                0x00008d46       0x4a ./ref/symmetric-shake.o
                0x00008d46                pqcrystals_dilithium_dilithium_shake256_stream_init
 .text.OSC_SetExtRefClkConfig
                0x00008d90       0x34 ./drivers/fsl_clock.o
 .text.OSC_SetCapLoad
                0x00008dc4       0x34 ./drivers/fsl_clock.o
 .text.CLOCK_GetPll0RefFreq
                0x00008df8        0xe ./drivers/fsl_clock.o
 .text.CLOCK_EnableClock
                0x00008e06       0x34 ./drivers/fsl_rnga.o
 .text.CLOCK_DisableClock
                0x00008e3a       0x38 ./drivers/fsl_rnga.o
 .text.rnga_ReadEntropy
                0x00008e72       0x36 ./drivers/fsl_rnga.o
 .text.RNGA_GetRandomData
                0x00008ea8       0x88 ./drivers/fsl_rnga.o
                0x00008ea8                RNGA_GetRandomData
 .text.RNGA_GetMode
                0x00008f30       0x20 ./drivers/fsl_rnga.o
                0x00008f30                RNGA_GetMode
 .text.UART0_RX_TX_DriverIRQHandler
                0x00008f50       0x12 ./drivers/fsl_uart.o
                0x00008f50                UART0_RX_TX_DriverIRQHandler
 .text.UART1_RX_TX_DriverIRQHandler
                0x00008f62       0x12 ./drivers/fsl_uart.o
                0x00008f62                UART1_RX_TX_DriverIRQHandler
 .text.UART2_RX_TX_DriverIRQHandler
                0x00008f74       0x12 ./drivers/fsl_uart.o
                0x00008f74                UART2_RX_TX_DriverIRQHandler
 .text.UART3_RX_TX_DriverIRQHandler
                0x00008f86       0x12 ./drivers/fsl_uart.o
                0x00008f86                UART3_RX_TX_DriverIRQHandler
 .text.UART4_RX_TX_DriverIRQHandler
                0x00008f98       0x12 ./drivers/fsl_uart.o
                0x00008f98                UART4_RX_TX_DriverIRQHandler
 .text.UART5_RX_TX_DriverIRQHandler
                0x00008faa       0x12 ./drivers/fsl_uart.o
                0x00008faa                UART5_RX_TX_DriverIRQHandler
 .text.SystemInitHook
                0x00008fbc        0xe ./device/system_MK64F12.o
                0x00008fbc                SystemInitHook
 .text.DbgConsole_Init
                0x00008fca       0x20 ./board/board.o
 .text.BOARD_InitDebugConsole
                0x00008fea       0x22 ./board/board.o
                0x00008fea                BOARD_InitDebugConsole
 .text.BOARD_InitBootClocks
                0x0000900c        0xc ./board/clock_config.o
                0x0000900c                BOARD_InitBootClocks
 .text.CLOCK_EnableClock
                0x00009018       0x34 ./board/pin_mux.o
 .text.PORT_SetPinMux
                0x0000904c       0x3a ./board/pin_mux.o
 .text.__main   0x00009086        0xe c:/nxp/mcuxpressoide/ide/plugins/com.nxp.mcuxpresso.tools.win32_11.2.0.202001021529/tools/bin/../lib/gcc/arm-none-eabi/9.2.1/../../../../arm-none-eabi/lib/thumb/v7e-m+fp/hard\libcr_semihost_nf.a(_cr__main.o)
                0x00009086                __CR_SEMIHOST
                0x00009086                __main
 .text.memcpy   0x00009094        0x4 c:/nxp/mcuxpressoide/ide/plugins/com.nxp.mcuxpresso.tools.win32_11.2.0.202001021529/tools/bin/../lib/gcc/arm-none-eabi/9.2.1/../../../../arm-none-eabi/lib/thumb/v7e-m+fp/hard\libcr_c.a(memcpy.o)
                0x00009094                memcpy
 .text.memset   0x00009098        0x4 c:/nxp/mcuxpressoide/ide/plugins/com.nxp.mcuxpresso.tools.win32_11.2.0.202001021529/tools/bin/../lib/gcc/arm-none-eabi/9.2.1/../../../../arm-none-eabi/lib/thumb/v7e-m+fp/hard\libcr_c.a(memset.o)
                0x00009098                memset
 .text._Csys_read_
                0x0000909c       0x22 c:/nxp/mcuxpressoide/ide/plugins/com.nxp.mcuxpresso.tools.win32_11.2.0.202001021529/tools/bin/../lib/gcc/arm-none-eabi/9.2.1/../../../../arm-none-eabi/lib/thumb/v7e-m+fp/hard\libcr_c.a(__fillbuf.o)
                0x0000909c                _Csys_read_
 .text._deferredlazyseek
                0x000090be       0x40 c:/nxp/mcuxpressoide/ide/plugins/com.nxp.mcuxpresso.tools.win32_11.2.0.202001021529/tools/bin/../lib/gcc/arm-none-eabi/9.2.1/../../../../arm-none-eabi/lib/thumb/v7e-m+fp/hard\libcr_c.a(_deferredlazyseek.o)
                0x000090be                _deferredlazyseek
 .text.__flsbuf
                0x000090fe      0x140 c:/nxp/mcuxpressoide/ide/plugins/com.nxp.mcuxpresso.tools.win32_11.2.0.202001021529/tools/bin/../lib/gcc/arm-none-eabi/9.2.1/../../../../arm-none-eabi/lib/thumb/v7e-m+fp/hard\libcr_c.a(_deferredlazyseek.o)
                0x000090fe                __flsbuf
 .text._fflush  0x0000923e       0x52 c:/nxp/mcuxpressoide/ide/plugins/com.nxp.mcuxpresso.tools.win32_11.2.0.202001021529/tools/bin/../lib/gcc/arm-none-eabi/9.2.1/../../../../arm-none-eabi/lib/thumb/v7e-m+fp/hard\libcr_c.a(_fflush.o)
                0x0000923e                _fflush
 .text.free     0x00009290       0x30 c:/nxp/mcuxpressoide/ide/plugins/com.nxp.mcuxpresso.tools.win32_11.2.0.202001021529/tools/bin/../lib/gcc/arm-none-eabi/9.2.1/../../../../arm-none-eabi/lib/thumb/v7e-m+fp/hard\libcr_c.a(alloc.o)
                0x00009290                free
 .text.no_fp_display
                0x000092c0        0x4 c:/nxp/mcuxpressoide/ide/plugins/com.nxp.mcuxpresso.tools.win32_11.2.0.202001021529/tools/bin/../lib/gcc/arm-none-eabi/9.2.1/../../../../arm-none-eabi/lib/thumb/v7e-m+fp/hard\libcr_c.a(printf.o)
 .text.setvbuf  0x000092c4       0x3e c:/nxp/mcuxpressoide/ide/plugins/com.nxp.mcuxpresso.tools.win32_11.2.0.202001021529/tools/bin/../lib/gcc/arm-none-eabi/9.2.1/../../../../arm-none-eabi/lib/thumb/v7e-m+fp/hard\libcr_c.a(setvbuf.o)
                0x000092c4                setvbuf
 .text.qsort    0x00009302      0x2fa c:/nxp/mcuxpressoide/ide/plugins/com.nxp.mcuxpresso.tools.win32_11.2.0.202001021529/tools/bin/../lib/gcc/arm-none-eabi/9.2.1/../../../../arm-none-eabi/lib/thumb/v7e-m+fp/hard\libcr_c.a(sort.o)
                0x00009302                qsort
 .text.strlen   0x000095fc       0x4c c:/nxp/mcuxpressoide/ide/plugins/com.nxp.mcuxpresso.tools.win32_11.2.0.202001021529/tools/bin/../lib/gcc/arm-none-eabi/9.2.1/../../../../arm-none-eabi/lib/thumb/v7e-m+fp/hard\libcr_c.a(strlen.o)
                0x000095fc                strlen
 .text._fdopen  0x00009648       0x68 c:/nxp/mcuxpressoide/ide/plugins/com.nxp.mcuxpresso.tools.win32_11.2.0.202001021529/tools/bin/../lib/gcc/arm-none-eabi/9.2.1/../../../../arm-none-eabi/lib/thumb/v7e-m+fp/hard\libcr_c.a(_fdopen.o)
                0x00009648                _fdopen
 .text.fclose   0x000096b0       0x58 c:/nxp/mcuxpressoide/ide/plugins/com.nxp.mcuxpresso.tools.win32_11.2.0.202001021529/tools/bin/../lib/gcc/arm-none-eabi/9.2.1/../../../../arm-none-eabi/lib/thumb/v7e-m+fp/hard\libcr_c.a(fclose.o)
                0x000096b0                fclose
 .text.remove   0x00009708       0x14 c:/nxp/mcuxpressoide/ide/plugins/com.nxp.mcuxpresso.tools.win32_11.2.0.202001021529/tools/bin/../lib/gcc/arm-none-eabi/9.2.1/../../../../arm-none-eabi/lib/thumb/v7e-m+fp/hard\libcr_c.a(remove.o)
                0x00009708                remove
 .text._do_fflush
                0x0000971c       0x40 c:/nxp/mcuxpressoide/ide/plugins/com.nxp.mcuxpresso.tools.win32_11.2.0.202001021529/tools/bin/../lib/gcc/arm-none-eabi/9.2.1/../../../../arm-none-eabi/lib/thumb/v7e-m+fp/hard\libcr_c.a(_do_fflush.o)
                0x0000971c                _do_fflush
 .text.__aeabi_memcpy
                0x0000975c       0x34 c:/nxp/mcuxpressoide/ide/plugins/com.nxp.mcuxpresso.tools.win32_11.2.0.202001021529/tools/bin/../lib/gcc/arm-none-eabi/9.2.1/thumb/v7e-m+fp/hard\libcr_eabihelpers.a(memcpy.o)
                0x0000975c                __aeabi_memcpy
                0x00009766                __aeabi_memcpy8
                0x00009766                __aeabi_memcpy4
 .text.__aeabi_memset_lowlevel
                0x00009790       0x32 c:/nxp/mcuxpressoide/ide/plugins/com.nxp.mcuxpresso.tools.win32_11.2.0.202001021529/tools/bin/../lib/gcc/arm-none-eabi/9.2.1/thumb/v7e-m+fp/hard\libcr_eabihelpers.a(memcpy.o)
                0x00009790                __aeabi_lowlevel_memset
 .text.__sys_close
                0x000097c2        0xc c:/nxp/mcuxpressoide/ide/plugins/com.nxp.mcuxpresso.tools.win32_11.2.0.202001021529/tools/bin/../lib/gcc/arm-none-eabi/9.2.1/../../../../arm-none-eabi/lib/thumb/v7e-m+fp/hard\libcr_semihost_nf.a(__sys_close.o)
                0x000097c2                __sys_close
 .text.__sys_flen
                0x000097ce        0xc c:/nxp/mcuxpressoide/ide/plugins/com.nxp.mcuxpresso.tools.win32_11.2.0.202001021529/tools/bin/../lib/gcc/arm-none-eabi/9.2.1/../../../../arm-none-eabi/lib/thumb/v7e-m+fp/hard\libcr_semihost_nf.a(__sys_flen.o)
                0x000097ce                __sys_flen
 .text.__sys_istty
                0x000097da        0xc c:/nxp/mcuxpressoide/ide/plugins/com.nxp.mcuxpresso.tools.win32_11.2.0.202001021529/tools/bin/../lib/gcc/arm-none-eabi/9.2.1/../../../../arm-none-eabi/lib/thumb/v7e-m+fp/hard\libcr_semihost_nf.a(__sys_istty.o)
                0x000097da                __sys_istty
 .text.__sys_read
                0x000097e6        0xc c:/nxp/mcuxpressoide/ide/plugins/com.nxp.mcuxpresso.tools.win32_11.2.0.202001021529/tools/bin/../lib/gcc/arm-none-eabi/9.2.1/../../../../arm-none-eabi/lib/thumb/v7e-m+fp/hard\libcr_semihost_nf.a(__sys_read.o)
                0x000097e6                __sys_read
 .text.__sys_readc
                0x000097f2        0x8 c:/nxp/mcuxpressoide/ide/plugins/com.nxp.mcuxpresso.tools.win32_11.2.0.202001021529/tools/bin/../lib/gcc/arm-none-eabi/9.2.1/../../../../arm-none-eabi/lib/thumb/v7e-m+fp/hard\libcr_semihost_nf.a(__sys_readc.o)
                0x000097f2                __sys_readc
                0x000097f2                __readc
 .text.__sys_remove
                0x000097fa        0xc c:/nxp/mcuxpressoide/ide/plugins/com.nxp.mcuxpresso.tools.win32_11.2.0.202001021529/tools/bin/../lib/gcc/arm-none-eabi/9.2.1/../../../../arm-none-eabi/lib/thumb/v7e-m+fp/hard\libcr_semihost_nf.a(__sys_remove.o)
                0x000097fa                __sys_remove
 .text.__sys_seek
                0x00009806        0xc c:/nxp/mcuxpressoide/ide/plugins/com.nxp.mcuxpresso.tools.win32_11.2.0.202001021529/tools/bin/../lib/gcc/arm-none-eabi/9.2.1/../../../../arm-none-eabi/lib/thumb/v7e-m+fp/hard\libcr_semihost_nf.a(__sys_seek.o)
                0x00009806                __sys_seek
 .text.__sys_tmpnam
                0x00009812        0xc c:/nxp/mcuxpressoide/ide/plugins/com.nxp.mcuxpresso.tools.win32_11.2.0.202001021529/tools/bin/../lib/gcc/arm-none-eabi/9.2.1/../../../../arm-none-eabi/lib/thumb/v7e-m+fp/hard\libcr_semihost_nf.a(__sys_tmpnam.o)
                0x00009812                __sys_tmpnam
 .text.__sys_write
                0x0000981e        0xc c:/nxp/mcuxpressoide/ide/plugins/com.nxp.mcuxpresso.tools.win32_11.2.0.202001021529/tools/bin/../lib/gcc/arm-none-eabi/9.2.1/../../../../arm-none-eabi/lib/thumb/v7e-m+fp/hard\libcr_semihost_nf.a(__sys_write.o)
                0x0000981e                __sys_write
 *(SORT_BY_ALIGNMENT(.rodata) SORT_BY_ALIGNMENT(.rodata.*) SORT_BY_ALIGNMENT(.constdata) SORT_BY_ALIGNMENT(.constdata.*))
 *fill*         0x0000982a        0x2 ff
 .rodata.__assertion_failed.str1.4
                0x0000982c       0x14 ./utilities/fsl_assert.o
 .rodata.main.str1.4
                0x00009840        0xf ./source/hello_world.o
 *fill*         0x0000984f        0x1 ff
 .rodata.print_results.str1.4
                0x00009850       0x3e ./ref/test/speed_print.o
 *fill*         0x0000988e        0x2 ff
 .rodata.test_speed.str1.4
                0x00009890       0x1c ./ref/test/test_speed.o
 .rodata        0x000098ac      0x400 ./ref/ntt.o
 .rodata.randombytes.str1.4
                0x00009cac        0xf ./ref/rng.o
 *fill*         0x00009cbb        0x1 ff
 .rodata.CLOCK_GetMcgExtClkFreq.str1.4
                0x00009cbc       0x4e ./drivers/fsl_clock.o
 *fill*         0x00009d0a        0x2 ff
 .rodata.CLOCK_GetPll0Freq.str1.4
                0x00009d0c       0x1e ./drivers/fsl_clock.o
 *fill*         0x00009d2a        0x2 ff
 .rodata.CLOCK_EnablePll0.str1.4
                0x00009d2c       0x1b ./drivers/fsl_clock.o
 *fill*         0x00009d47        0x1 ff
 .rodata.CLOCK_SetPbeMode.str1.4
                0x00009d48       0x1b ./drivers/fsl_clock.o
 *fill*         0x00009d63        0x1 ff
 .rodata.CLOCK_BootToPeeMode.str1.4
                0x00009d64       0x1b ./drivers/fsl_clock.o
 *fill*         0x00009d7f        0x1 ff
 .rodata.fllFactorTable.7941
                0x00009d80       0x10 ./drivers/fsl_clock.o
 .rodata.mcgConfig_BOARD_BootClockRUN
                0x00009d90        0xb ./board/clock_config.o
                0x00009d90                mcgConfig_BOARD_BootClockRUN
 *fill*         0x00009d9b        0x1 ff
 .rodata.simConfig_BOARD_BootClockRUN
                0x00009d9c        0x8 ./board/clock_config.o
                0x00009d9c                simConfig_BOARD_BootClockRUN
 .rodata.oscConfig_BOARD_BootClockRUN
                0x00009da4        0x8 ./board/clock_config.o
                0x00009da4                oscConfig_BOARD_BootClockRUN
 .rodata.__num_Ciob_streams
                0x00009dac        0x4 c:/nxp/mcuxpressoide/ide/plugins/com.nxp.mcuxpresso.tools.win32_11.2.0.202001021529/tools/bin/../lib/gcc/arm-none-eabi/9.2.1/../../../../arm-none-eabi/lib/thumb/v7e-m+fp/hard\libcr_semihost_nf.a(__ciob.o)
                0x00009dac                __num_Ciob_streams
 .rodata._Csys_alloc.str1.1
                0x00009db0       0x18 c:/nxp/mcuxpressoide/ide/plugins/com.nxp.mcuxpresso.tools.win32_11.2.0.202001021529/tools/bin/../lib/gcc/arm-none-eabi/9.2.1/../../../../arm-none-eabi/lib/thumb/v7e-m+fp/hard\libcr_c.a(alloc.o)
 .rodata._initio.str1.1
                0x00009dc8        0x4 c:/nxp/mcuxpressoide/ide/plugins/com.nxp.mcuxpresso.tools.win32_11.2.0.202001021529/tools/bin/../lib/gcc/arm-none-eabi/9.2.1/../../../../arm-none-eabi/lib/thumb/v7e-m+fp/hard\libcr_c.a(initio.o)
 .rodata.__vfprintf.str1.1
                0x00009dcc       0x37 c:/nxp/mcuxpressoide/ide/plugins/com.nxp.mcuxpresso.tools.win32_11.2.0.202001021529/tools/bin/../lib/gcc/arm-none-eabi/9.2.1/../../../../arm-none-eabi/lib/thumb/v7e-m+fp/hard\libcr_c.a(printf.o)
                                 0x38 (size before relaxing)
                0x00009e08                . = ALIGN (0x8)
 *fill*         0x00009e03        0x5 ff

.glue_7         0x00009e08        0x0
 .glue_7        0x00009e08        0x0 linker stubs

.glue_7t        0x00009e08        0x0
 .glue_7t       0x00009e08        0x0 linker stubs

.vfp11_veneer   0x00009e08        0x0
 .vfp11_veneer  0x00009e08        0x0 linker stubs

.v4_bx          0x00009e08        0x0
 .v4_bx         0x00009e08        0x0 linker stubs

.iplt           0x00009e08        0x0
 .iplt          0x00009e08        0x0 ./utilities/fsl_assert.o

.rel.dyn        0x00009e08        0x0
 .rel.iplt      0x00009e08        0x0 ./utilities/fsl_assert.o

.ARM.extab
 *(SORT_BY_ALIGNMENT(.ARM.extab*) SORT_BY_ALIGNMENT(.gnu.linkonce.armextab.*))

.ARM.exidx      0x00009e08        0x0
                0x00009e08                __exidx_start = .
 *(SORT_BY_ALIGNMENT(.ARM.exidx*) SORT_BY_ALIGNMENT(.gnu.linkonce.armexidx.*))
                0x00009e08                __exidx_end = .
                0x00009e08                _etext = .

.m_usb_data
 *(SORT_BY_ALIGNMENT(m_usb_bdt))

.data_RAM2      0x1fff0000        0x0 load address 0x00009e08
 FILL mask 0xff
                [!provide]                PROVIDE (__start_data_RAM2 = .)
                [!provide]                PROVIDE (__start_data_SRAM_LOWER = .)
 *(SORT_BY_ALIGNMENT(.ramfunc.$RAM2))
 *(SORT_BY_ALIGNMENT(.ramfunc.$SRAM_LOWER))
 *(SORT_BY_ALIGNMENT(.data.$RAM2))
 *(SORT_BY_ALIGNMENT(.data.$SRAM_LOWER))
 *(SORT_BY_ALIGNMENT(.data.$RAM2.*))
 *(SORT_BY_ALIGNMENT(.data.$SRAM_LOWER.*))
                0x1fff0000                . = ALIGN (0x8)
                [!provide]                PROVIDE (__end_data_RAM2 = .)
                [!provide]                PROVIDE (__end_data_SRAM_LOWER = .)

.data_RAM3      0x14000000        0x0 load address 0x00009e08
 FILL mask 0xff
                [!provide]                PROVIDE (__start_data_RAM3 = .)
                [!provide]                PROVIDE (__start_data_FLEX_RAM = .)
 *(SORT_BY_ALIGNMENT(.ramfunc.$RAM3))
 *(SORT_BY_ALIGNMENT(.ramfunc.$FLEX_RAM))
 *(SORT_BY_ALIGNMENT(.data.$RAM3))
 *(SORT_BY_ALIGNMENT(.data.$FLEX_RAM))
 *(SORT_BY_ALIGNMENT(.data.$RAM3.*))
 *(SORT_BY_ALIGNMENT(.data.$FLEX_RAM.*))
                0x14000000                . = ALIGN (0x8)
                [!provide]                PROVIDE (__end_data_RAM3 = .)
                [!provide]                PROVIDE (__end_data_FLEX_RAM = .)

.uninit_RESERVED
                0x20000000        0x0
                0x20000000                _start_uninit_RESERVED = .
 *(SORT_BY_ALIGNMENT(.bss.$RESERVED*))
                0x20000000                . = ALIGN (0x8)
                0x20000000                _end_uninit_RESERVED = .

.data           0x20000000       0x10 load address 0x00009e08
 FILL mask 0xff
                0x20000000                _data = .
                [!provide]                PROVIDE (__start_data_RAM = .)
                [!provide]                PROVIDE (__start_data_SRAM_UPPER = .)
 *(SORT_BY_ALIGNMENT(vtable))
 *(SORT_BY_ALIGNMENT(.ramfunc*))
 *(SORT_BY_ALIGNMENT(CodeQuickAccess))
 *(SORT_BY_ALIGNMENT(DataQuickAccess))
 *(SORT_BY_ALIGNMENT(RamFunction))
 *(SORT_BY_ALIGNMENT(.data*))
 .data.s_slowIrcFreq
                0x20000000        0x4 ./drivers/fsl_clock.o
 .data.s_fastIrcFreq
                0x20000004        0x4 ./drivers/fsl_clock.o
 .data.SystemCoreClock
                0x20000008        0x4 ./device/system_MK64F12.o
                0x20000008                SystemCoreClock
                0x20000010                . = ALIGN (0x8)
 *fill*         0x2000000c        0x4 ff
                0x20000010                _edata = .
                [!provide]                PROVIDE (__end_data_RAM = .)
                [!provide]                PROVIDE (__end_data_SRAM_UPPER = .)

.igot.plt       0x20000010        0x0 load address 0x00009e18
 .igot.plt      0x20000010        0x0 ./utilities/fsl_assert.o

.bss_RAM2       0x1fff0000        0x0
                [!provide]                PROVIDE (__start_bss_RAM2 = .)
                [!provide]                PROVIDE (__start_bss_SRAM_LOWER = .)
 *(SORT_BY_ALIGNMENT(.bss.$RAM2))
 *(SORT_BY_ALIGNMENT(.bss.$SRAM_LOWER))
 *(SORT_BY_ALIGNMENT(.bss.$RAM2.*))
 *(SORT_BY_ALIGNMENT(.bss.$SRAM_LOWER.*))
                0x1fff0000                . = ALIGN ((. != 0x0)?0x8:0x1)
                [!provide]                PROVIDE (__end_bss_RAM2 = .)
                [!provide]                PROVIDE (__end_bss_SRAM_LOWER = .)

.bss_RAM3       0x14000000        0x0
                [!provide]                PROVIDE (__start_bss_RAM3 = .)
                [!provide]                PROVIDE (__start_bss_FLEX_RAM = .)
 *(SORT_BY_ALIGNMENT(.bss.$RAM3))
 *(SORT_BY_ALIGNMENT(.bss.$FLEX_RAM))
 *(SORT_BY_ALIGNMENT(.bss.$RAM3.*))
 *(SORT_BY_ALIGNMENT(.bss.$FLEX_RAM.*))
                0x14000000                . = ALIGN ((. != 0x0)?0x8:0x1)
                [!provide]                PROVIDE (__end_bss_RAM3 = .)
                [!provide]                PROVIDE (__end_bss_FLEX_RAM = .)

.bss            0x20000010      0x138
                0x20000010                _bss = .
                [!provide]                PROVIDE (__start_bss_RAM = .)
                [!provide]                PROVIDE (__start_bss_SRAM_UPPER = .)
 *(SORT_BY_ALIGNMENT(.bss*))
 .bss.t         0x20000010       0x28 ./ref/test/test_speed.o
 .bss.tf        0x20000038       0x28 ./ref/test/test_speed.o
 .bss.g_xtal0Freq
                0x20000060        0x4 ./drivers/fsl_clock.o
                0x20000060                g_xtal0Freq
 .bss.g_xtal32Freq
                0x20000064        0x4 ./drivers/fsl_clock.o
                0x20000064                g_xtal32Freq
 .bss.s_uartHandle
                0x20000068       0x18 ./drivers/fsl_uart.o
 .bss.s_uartIsr
                0x20000080        0x4 ./drivers/fsl_uart.o
 .bss.__Ciob    0x20000084       0xb4 c:/nxp/mcuxpressoide/ide/plugins/com.nxp.mcuxpresso.tools.win32_11.2.0.202001021529/tools/bin/../lib/gcc/arm-none-eabi/9.2.1/../../../../arm-none-eabi/lib/thumb/v7e-m+fp/hard\libcr_semihost_nf.a(__ciob.o)
                0x20000084                __Ciob
 .bss.__end_of_heap
                0x20000138        0x4 c:/nxp/mcuxpressoide/ide/plugins/com.nxp.mcuxpresso.tools.win32_11.2.0.202001021529/tools/bin/../lib/gcc/arm-none-eabi/9.2.1/../../../../arm-none-eabi/lib/thumb/v7e-m+fp/hard\libcr_c.a(__init_alloc.o)
                0x20000138                __end_of_heap
 .bss.__heaps   0x2000013c        0x4 c:/nxp/mcuxpressoide/ide/plugins/com.nxp.mcuxpresso.tools.win32_11.2.0.202001021529/tools/bin/../lib/gcc/arm-none-eabi/9.2.1/../../../../arm-none-eabi/lib/thumb/v7e-m+fp/hard\libcr_c.a(__init_alloc.o)
                0x2000013c                __heaps
 .bss.errno     0x20000140        0x4 c:/nxp/mcuxpressoide/ide/plugins/com.nxp.mcuxpresso.tools.win32_11.2.0.202001021529/tools/bin/../lib/gcc/arm-none-eabi/9.2.1/../../../../arm-none-eabi/lib/thumb/v7e-m+fp/hard\libcr_c.a(errno.o)
                0x20000140                errno
 *(SORT_BY_ALIGNMENT(COMMON))
                0x20000148                . = ALIGN (0x8)
 *fill*         0x20000144        0x4 
                0x20000148                _ebss = .
                [!provide]                PROVIDE (__end_bss_RAM = .)
                [!provide]                PROVIDE (__end_bss_SRAM_UPPER = .)
                [!provide]                PROVIDE (end = .)

.noinit_RAM2    0x1fff0000        0x0
                [!provide]                PROVIDE (__start_noinit_RAM2 = .)
                [!provide]                PROVIDE (__start_noinit_SRAM_LOWER = .)
 *(SORT_BY_ALIGNMENT(.noinit.$RAM2))
 *(SORT_BY_ALIGNMENT(.noinit.$SRAM_LOWER))
 *(SORT_BY_ALIGNMENT(.noinit.$RAM2.*))
 *(SORT_BY_ALIGNMENT(.noinit.$SRAM_LOWER.*))
                0x1fff0000                . = ALIGN (0x8)
                [!provide]                PROVIDE (__end_noinit_RAM2 = .)
                [!provide]                PROVIDE (__end_noinit_SRAM_LOWER = .)

.noinit_RAM3    0x14000000        0x0
                [!provide]                PROVIDE (__start_noinit_RAM3 = .)
                [!provide]                PROVIDE (__start_noinit_FLEX_RAM = .)
 *(SORT_BY_ALIGNMENT(.noinit.$RAM3))
 *(SORT_BY_ALIGNMENT(.noinit.$FLEX_RAM))
 *(SORT_BY_ALIGNMENT(.noinit.$RAM3.*))
 *(SORT_BY_ALIGNMENT(.noinit.$FLEX_RAM.*))
                0x14000000                . = ALIGN (0x8)
                [!provide]                PROVIDE (__end_noinit_RAM3 = .)
                [!provide]                PROVIDE (__end_noinit_FLEX_RAM = .)

.noinit         0x20000148        0x0
                0x20000148                _noinit = .
                [!provide]                PROVIDE (__start_noinit_RAM = .)
                [!provide]                PROVIDE (__start_noinit_SRAM_UPPER = .)
 *(SORT_BY_ALIGNMENT(.noinit*))
                0x20000148                . = ALIGN (0x8)
                0x20000148                _end_noinit = .
                [!provide]                PROVIDE (__end_noinit_RAM = .)
                [!provide]                PROVIDE (__end_noinit_SRAM_UPPER = .)
                0x00001000                _HeapSize = 0x1000

.heap           0x20000148     0x1000
                0x20000148                _pvHeapStart = .
                0x20001148                . = (. + _HeapSize)
 *fill*         0x20000148     0x1000 
                0x20001148                . = ALIGN (0x8)
                0x20001148                _pvHeapLimit = .
                0x00001000                _StackSize = 0x1000

.heap2stackfill
                0x20001148     0x1000
                0x20002148                . = (. + _StackSize)
 *fill*         0x20001148     0x1000 

.stack          0x2002f000        0x0
                0x2002f000                _vStackBase = .
                0x2002f000                . = ALIGN (0x8)
                0x20030000                _vStackTop = (. + _StackSize)
                0x00000000                _image_start = LOADADDR (.text)
                0x00009e18                _image_end = (LOADADDR (.data) + SIZEOF (.data))
                0x00009e18                _image_size = (_image_end - _image_start)
OUTPUT(frdmk64f_hello_world.axf elf32-littlearm)

.debug_info     0x00000000     0xbc8c
 .debug_info    0x00000000      0x259 ./utilities/fsl_assert.o
 .debug_info    0x00000259      0x92e ./startup/startup_mk64f12.o
 .debug_info    0x00000b87      0x5ad ./source/hello_world.o
 .debug_info    0x00001134       0x3c ./source/semihost_hardfault.o
 .debug_info    0x00001170      0x151 ./ref/test/cpucycles.o
 .debug_info    0x000012c1      0x30a ./ref/test/speed_print.o
 .debug_info    0x000015cb      0x3f8 ./ref/test/test_speed.o
 .debug_info    0x000019c3     0x1239 ./ref/fips202.o
 .debug_info    0x00002bfc       0x26 ./ref/keccakf1600.o
 .debug_info    0x00002c22       0x26 ./ref/ntt.o
 .debug_info    0x00002c48      0x47e ./ref/packing.o
 .debug_info    0x000030c6       0x26 ./ref/pointwise_mont.o
 .debug_info    0x000030ec      0xae0 ./ref/poly.o
 .debug_info    0x00003bcc      0x8b0 ./ref/polyvec.o
 .debug_info    0x0000447c      0x7f7 ./ref/rng.o
 .debug_info    0x00004c73      0x1c8 ./ref/rounding.o
 .debug_info    0x00004e3b      0x7e1 ./ref/sign.o
 .debug_info    0x0000561c      0x1eb ./ref/symmetric-shake.o
 .debug_info    0x00005807       0x26 ./ref/vector.o
 .debug_info    0x0000582d     0x21ca ./drivers/fsl_clock.o
 .debug_info    0x000079f7      0x5e6 ./drivers/fsl_rnga.o
 .debug_info    0x00007fdd     0x1cbb ./drivers/fsl_uart.o
 .debug_info    0x00009c98      0x69f ./device/system_MK64F12.o
 .debug_info    0x0000a337      0x672 ./board/board.o
 .debug_info    0x0000a9a9      0xbff ./board/clock_config.o
 .debug_info    0x0000b5a8      0x6e4 ./board/pin_mux.o

.debug_abbrev   0x00000000     0x248d
 .debug_abbrev  0x00000000       0xe9 ./utilities/fsl_assert.o
 .debug_abbrev  0x000000e9      0x17a ./startup/startup_mk64f12.o
 .debug_abbrev  0x00000263      0x14f ./source/hello_world.o
 .debug_abbrev  0x000003b2       0x31 ./source/semihost_hardfault.o
 .debug_abbrev  0x000003e3       0xf4 ./ref/test/cpucycles.o
 .debug_abbrev  0x000004d7      0x13e ./ref/test/speed_print.o
 .debug_abbrev  0x00000615      0x164 ./ref/test/test_speed.o
 .debug_abbrev  0x00000779      0x1d0 ./ref/fips202.o
 .debug_abbrev  0x00000949       0x14 ./ref/keccakf1600.o
 .debug_abbrev  0x0000095d       0x14 ./ref/ntt.o
 .debug_abbrev  0x00000971      0x146 ./ref/packing.o
 .debug_abbrev  0x00000ab7       0x14 ./ref/pointwise_mont.o
 .debug_abbrev  0x00000acb      0x221 ./ref/poly.o
 .debug_abbrev  0x00000cec      0x1b5 ./ref/polyvec.o
 .debug_abbrev  0x00000ea1      0x22c ./ref/rng.o
 .debug_abbrev  0x000010cd      0x10b ./ref/rounding.o
 .debug_abbrev  0x000011d8      0x1c2 ./ref/sign.o
 .debug_abbrev  0x0000139a       0xee ./ref/symmetric-shake.o
 .debug_abbrev  0x00001488       0x14 ./ref/vector.o
 .debug_abbrev  0x0000149c      0x371 ./drivers/fsl_clock.o
 .debug_abbrev  0x0000180d      0x22a ./drivers/fsl_rnga.o
 .debug_abbrev  0x00001a37      0x358 ./drivers/fsl_uart.o
 .debug_abbrev  0x00001d8f      0x170 ./device/system_MK64F12.o
 .debug_abbrev  0x00001eff      0x1a0 ./board/board.o
 .debug_abbrev  0x0000209f      0x233 ./board/clock_config.o
 .debug_abbrev  0x000022d2      0x1bb ./board/pin_mux.o

.debug_aranges  0x00000000      0xe50
 .debug_aranges
                0x00000000       0x20 ./utilities/fsl_assert.o
 .debug_aranges
                0x00000020      0x330 ./startup/startup_mk64f12.o
 .debug_aranges
                0x00000350       0x20 ./source/hello_world.o
 .debug_aranges
                0x00000370       0x20 ./source/semihost_hardfault.o
 .debug_aranges
                0x00000390       0x38 ./ref/test/cpucycles.o
 .debug_aranges
                0x000003c8       0x38 ./ref/test/speed_print.o
 .debug_aranges
                0x00000400       0x38 ./ref/test/test_speed.o
 .debug_aranges
                0x00000438      0x1b8 ./ref/fips202.o
 .debug_aranges
                0x000005f0       0x20 ./ref/keccakf1600.o
 .debug_aranges
                0x00000610       0x20 ./ref/ntt.o
 .debug_aranges
                0x00000630       0x50 ./ref/packing.o
 .debug_aranges
                0x00000680       0x20 ./ref/pointwise_mont.o
 .debug_aranges
                0x000006a0       0xf8 ./ref/poly.o
 .debug_aranges
                0x00000798       0xe8 ./ref/polyvec.o
 .debug_aranges
                0x00000880       0x50 ./ref/rng.o
 .debug_aranges
                0x000008d0       0x38 ./ref/rounding.o
 .debug_aranges
                0x00000908       0x40 ./ref/sign.o
 .debug_aranges
                0x00000948       0x28 ./ref/symmetric-shake.o
 .debug_aranges
                0x00000970       0x20 ./ref/vector.o
 .debug_aranges
                0x00000990      0x1f8 ./drivers/fsl_clock.o
 .debug_aranges
                0x00000b88       0x60 ./drivers/fsl_rnga.o
 .debug_aranges
                0x00000be8      0x180 ./drivers/fsl_uart.o
 .debug_aranges
                0x00000d68       0x30 ./device/system_MK64F12.o
 .debug_aranges
                0x00000d98       0x28 ./board/board.o
 .debug_aranges
                0x00000dc0       0x58 ./board/clock_config.o
 .debug_aranges
                0x00000e18       0x38 ./board/pin_mux.o

.debug_ranges   0x00000000      0xc70
 .debug_ranges  0x00000000       0x10 ./utilities/fsl_assert.o
 .debug_ranges  0x00000010      0x320 ./startup/startup_mk64f12.o
 .debug_ranges  0x00000330       0x10 ./source/hello_world.o
 .debug_ranges  0x00000340       0x10 ./source/semihost_hardfault.o
 .debug_ranges  0x00000350       0x28 ./ref/test/cpucycles.o
 .debug_ranges  0x00000378       0x28 ./ref/test/speed_print.o
 .debug_ranges  0x000003a0       0x28 ./ref/test/test_speed.o
 .debug_ranges  0x000003c8      0x1a8 ./ref/fips202.o
 .debug_ranges  0x00000570       0x40 ./ref/packing.o
 .debug_ranges  0x000005b0       0xe8 ./ref/poly.o
 .debug_ranges  0x00000698       0xd8 ./ref/polyvec.o
 .debug_ranges  0x00000770       0x40 ./ref/rng.o
 .debug_ranges  0x000007b0       0x28 ./ref/rounding.o
 .debug_ranges  0x000007d8       0x30 ./ref/sign.o
 .debug_ranges  0x00000808       0x18 ./ref/symmetric-shake.o
 .debug_ranges  0x00000820      0x1e8 ./drivers/fsl_clock.o
 .debug_ranges  0x00000a08       0x50 ./drivers/fsl_rnga.o
 .debug_ranges  0x00000a58      0x170 ./drivers/fsl_uart.o
 .debug_ranges  0x00000bc8       0x20 ./device/system_MK64F12.o
 .debug_ranges  0x00000be8       0x18 ./board/board.o
 .debug_ranges  0x00000c00       0x48 ./board/clock_config.o
 .debug_ranges  0x00000c48       0x28 ./board/pin_mux.o

.debug_macro    0x00000000    0x21336
 .debug_macro   0x00000000      0x13c ./utilities/fsl_assert.o
 .debug_macro   0x0000013c      0xaf6 ./utilities/fsl_assert.o
 .debug_macro   0x00000c32       0x10 ./utilities/fsl_assert.o
 .debug_macro   0x00000c42       0x1c ./utilities/fsl_assert.o
 .debug_macro   0x00000c5e       0x22 ./utilities/fsl_assert.o
 .debug_macro   0x00000c80      0x12e ./utilities/fsl_assert.o
 .debug_macro   0x00000dae      0x5b3 ./utilities/fsl_assert.o
 .debug_macro   0x00001361       0x22 ./utilities/fsl_assert.o
 .debug_macro   0x00001383       0x10 ./utilities/fsl_assert.o
 .debug_macro   0x00001393       0x57 ./utilities/fsl_assert.o
 .debug_macro   0x000013ea       0x1c ./utilities/fsl_assert.o
 .debug_macro   0x00001406       0x22 ./utilities/fsl_assert.o
 .debug_macro   0x00001428      0x101 ./utilities/fsl_assert.o
 .debug_macro   0x00001529      0xeeb ./utilities/fsl_assert.o
 .debug_macro   0x00002414       0x40 ./utilities/fsl_assert.o
 .debug_macro   0x00002454     0xe977 ./utilities/fsl_assert.o
 .debug_macro   0x00010dcb     0x1294 ./utilities/fsl_assert.o
 .debug_macro   0x0001205f       0xd7 ./utilities/fsl_assert.o
 .debug_macro   0x00012136      0x174 ./utilities/fsl_assert.o
 .debug_macro   0x000122aa       0x2e ./utilities/fsl_assert.o
 .debug_macro   0x000122d8       0x2e ./utilities/fsl_assert.o
 .debug_macro   0x00012306       0x47 ./utilities/fsl_assert.o
 .debug_macro   0x0001234d       0x16 ./utilities/fsl_assert.o
 .debug_macro   0x00012363       0xd2 ./utilities/fsl_assert.o
 .debug_macro   0x00012435       0x1c ./utilities/fsl_assert.o
 .debug_macro   0x00012451       0x29 ./startup/startup_mk64f12.o
 .debug_macro   0x0001247a      0x183 ./source/hello_world.o
 .debug_macro   0x000125fd       0x1c ./source/hello_world.o
 .debug_macro   0x00012619       0x16 ./source/hello_world.o
 .debug_macro   0x0001262f       0x16 ./source/hello_world.o
 .debug_macro   0x00012645      0x1a4 ./source/hello_world.o
 .debug_macro   0x000127e9       0x34 ./source/hello_world.o
 .debug_macro   0x0001281d       0x11 ./source/semihost_hardfault.o
 .debug_macro   0x0001282e       0x45 ./ref/test/cpucycles.o
 .debug_macro   0x00012873       0x40 ./ref/test/cpucycles.o
 .debug_macro   0x000128b3       0x88 ./ref/test/speed_print.o
 .debug_macro   0x0001293b       0x16 ./ref/test/speed_print.o
 .debug_macro   0x00012951       0x1c ./ref/test/speed_print.o
 .debug_macro   0x0001296d       0xea ./ref/test/test_speed.o
 .debug_macro   0x00012a57       0x16 ./ref/test/test_speed.o
 .debug_macro   0x00012a6d       0x9a ./ref/test/test_speed.o
 .debug_macro   0x00012b07       0xb2 ./ref/test/test_speed.o
 .debug_macro   0x00012bb9       0xac ./ref/test/test_speed.o
 .debug_macro   0x00012c65       0x1c ./ref/test/test_speed.o
 .debug_macro   0x00012c81       0x7c ./ref/fips202.o
 .debug_macro   0x00012cfd       0x28 ./ref/fips202.o
 .debug_macro   0x00012d25       0x7b ./ref/packing.o
 .debug_macro   0x00012da0       0x28 ./ref/packing.o
 .debug_macro   0x00012dc8       0xd3 ./ref/poly.o
 .debug_macro   0x00012e9b       0x22 ./ref/poly.o
 .debug_macro   0x00012ebd       0x16 ./ref/poly.o
 .debug_macro   0x00012ed3       0x16 ./ref/poly.o
 .debug_macro   0x00012ee9       0x22 ./ref/poly.o
 .debug_macro   0x00012f0b       0x22 ./ref/poly.o
 .debug_macro   0x00012f2d       0x3a ./ref/poly.o
 .debug_macro   0x00012f67       0x6c ./ref/polyvec.o
 .debug_macro   0x00012fd3      0x382 ./ref/rng.o
 .debug_macro   0x00013355       0xca ./ref/rng.o
 .debug_macro   0x0001341f       0x5e ./ref/rng.o
 .debug_macro   0x0001347d       0xd7 ./ref/rng.o
 .debug_macro   0x00013554       0x10 ./ref/rng.o
 .debug_macro   0x00013564       0x6a ./ref/rng.o
 .debug_macro   0x000135ce       0x10 ./ref/rng.o
 .debug_macro   0x000135de       0x10 ./ref/rng.o
 .debug_macro   0x000135ee       0x10 ./ref/rng.o
 .debug_macro   0x000135fe       0x9a ./ref/rng.o
 .debug_macro   0x00013698      0x22a ./ref/rng.o
 .debug_macro   0x000138c2       0x7c ./ref/rng.o
 .debug_macro   0x0001393e       0x10 ./ref/rng.o
 .debug_macro   0x0001394e     0x21e0 ./ref/rng.o
 .debug_macro   0x00015b2e       0x82 ./ref/rng.o
 .debug_macro   0x00015bb0      0x397 ./ref/rng.o
 .debug_macro   0x00015f47       0xf3 ./ref/rng.o
 .debug_macro   0x0001603a       0x70 ./ref/rng.o
 .debug_macro   0x000160aa       0x46 ./ref/rng.o
 .debug_macro   0x000160f0       0xd0 ./ref/rng.o
 .debug_macro   0x000161c0       0x42 ./ref/rng.o
 .debug_macro   0x00016202       0xf4 ./ref/rng.o
 .debug_macro   0x000162f6       0xde ./ref/rng.o
 .debug_macro   0x000163d4       0xfa ./ref/rng.o
 .debug_macro   0x000164ce      0x7b8 ./ref/rng.o
 .debug_macro   0x00016c86      0x1a6 ./ref/rng.o
 .debug_macro   0x00016e2c       0xa0 ./ref/rng.o
 .debug_macro   0x00016ecc      0x121 ./ref/rng.o
 .debug_macro   0x00016fed       0x10 ./ref/rng.o
 .debug_macro   0x00016ffd       0x30 ./ref/rng.o
 .debug_macro   0x0001702d      0x69a ./ref/rng.o
 .debug_macro   0x000176c7      0x2ab ./ref/rng.o
 .debug_macro   0x00017972       0x10 ./ref/rng.o
 .debug_macro   0x00017982       0x88 ./ref/rng.o
 .debug_macro   0x00017a0a       0xe1 ./ref/rng.o
 .debug_macro   0x00017aeb       0x76 ./ref/rng.o
 .debug_macro   0x00017b61       0x28 ./ref/rng.o
 .debug_macro   0x00017b89       0x10 ./ref/rng.o
 .debug_macro   0x00017b99     0x71f7 ./ref/rng.o
 .debug_macro   0x0001ed90       0x10 ./ref/rng.o
 .debug_macro   0x0001eda0      0x2c0 ./ref/rng.o
 .debug_macro   0x0001f060      0x8fd ./ref/rng.o
 .debug_macro   0x0001f95d       0x1c ./ref/rng.o
 .debug_macro   0x0001f979       0x80 ./ref/rng.o
 .debug_macro   0x0001f9f9      0x7b3 ./ref/rng.o
 .debug_macro   0x000201ac       0x16 ./ref/rng.o
 .debug_macro   0x000201c2      0x1c7 ./ref/rng.o
 .debug_macro   0x00020389      0x4e6 ./ref/rng.o
 .debug_macro   0x0002086f       0x2e ./ref/rng.o
 .debug_macro   0x0002089d       0x22 ./ref/rng.o
 .debug_macro   0x000208bf       0x5d ./ref/rounding.o
 .debug_macro   0x0002091c       0xdc ./ref/sign.o
 .debug_macro   0x000209f8       0x2e ./ref/sign.o
 .debug_macro   0x00020a26       0x85 ./ref/symmetric-shake.o
 .debug_macro   0x00020aab      0x1ba ./drivers/fsl_clock.o
 .debug_macro   0x00020c65      0x169 ./drivers/fsl_rnga.o
 .debug_macro   0x00020dce      0x109 ./drivers/fsl_uart.o
 .debug_macro   0x00020ed7       0x10 ./drivers/fsl_uart.o
 .debug_macro   0x00020ee7       0x98 ./device/system_MK64F12.o
 .debug_macro   0x00020f7f      0x16c ./board/board.o
 .debug_macro   0x000210eb       0x16 ./board/board.o
 .debug_macro   0x00021101      0x135 ./board/clock_config.o
 .debug_macro   0x00021236      0x100 ./board/pin_mux.o

.debug_line     0x00000000     0xa6ea
 .debug_line    0x00000000      0x4a7 ./utilities/fsl_assert.o
 .debug_line    0x000004a7      0x90e ./startup/startup_mk64f12.o
 .debug_line    0x00000db5      0x66a ./source/hello_world.o
 .debug_line    0x0000141f       0x59 ./source/semihost_hardfault.o
 .debug_line    0x00001478      0x1ee ./ref/test/cpucycles.o
 .debug_line    0x00001666      0x29f ./ref/test/speed_print.o
 .debug_line    0x00001905      0x365 ./ref/test/test_speed.o
 .debug_line    0x00001c6a      0xc34 ./ref/fips202.o
 .debug_line    0x0000289e       0xda ./ref/keccakf1600.o
 .debug_line    0x00002978      0x1a6 ./ref/ntt.o
 .debug_line    0x00002b1e      0x623 ./ref/packing.o
 .debug_line    0x00003141       0x84 ./ref/pointwise_mont.o
 .debug_line    0x000031c5     0x1d6e ./ref/poly.o
 .debug_line    0x00004f33      0x6ab ./ref/polyvec.o
 .debug_line    0x000055de      0x979 ./ref/rng.o
 .debug_line    0x00005f57      0x241 ./ref/rounding.o
 .debug_line    0x00006198      0x484 ./ref/sign.o
 .debug_line    0x0000661c      0x1cb ./ref/symmetric-shake.o
 .debug_line    0x000067e7       0x97 ./ref/vector.o
 .debug_line    0x0000687e     0x14cc ./drivers/fsl_clock.o
 .debug_line    0x00007d4a      0x495 ./drivers/fsl_rnga.o
 .debug_line    0x000081df     0x1346 ./drivers/fsl_uart.o
 .debug_line    0x00009525      0x3e7 ./device/system_MK64F12.o
 .debug_line    0x0000990c      0x554 ./board/board.o
 .debug_line    0x00009e60      0x476 ./board/clock_config.o
 .debug_line    0x0000a2d6      0x414 ./board/pin_mux.o

.debug_str      0x00000000    0xcdd08
 .debug_str     0x00000000    0x79b93 ./utilities/fsl_assert.o
                              0x79c3d (size before relaxing)
 .debug_str     0x00079b93      0x7f4 ./startup/startup_mk64f12.o
                               0x37d0 (size before relaxing)
 .debug_str     0x0007a387     0x1153 ./source/hello_world.o
                              0x7ad75 (size before relaxing)
 .debug_str     0x0007b4da       0x1f ./source/semihost_hardfault.o
                               0x2f61 (size before relaxing)
 .debug_str     0x0007b4f9      0x204 ./ref/test/cpucycles.o
                               0x483e (size before relaxing)
 .debug_str     0x0007b6fd       0xce ./ref/test/speed_print.o
                               0x4caa (size before relaxing)
 .debug_str     0x0007b7cb      0xfae ./ref/test/test_speed.o
                               0x5bd7 (size before relaxing)
 .debug_str     0x0007c779      0x57a ./ref/fips202.o
                               0x4c7a (size before relaxing)
 .debug_str     0x0007ccf3       0x23 ./ref/keccakf1600.o
                                 0x83 (size before relaxing)
 .debug_str     0x0007cd16        0xd ./ref/ntt.o
                                 0x7b (size before relaxing)
 .debug_str     0x0007cd23      0x1d4 ./ref/packing.o
                               0x56f8 (size before relaxing)
 .debug_str     0x0007cef7       0x18 ./ref/pointwise_mont.o
                                 0x86 (size before relaxing)
 .debug_str     0x0007cf0f      0xa72 ./ref/poly.o
                               0x5a06 (size before relaxing)
 .debug_str     0x0007d981      0x44b ./ref/polyvec.o
                               0x597e (size before relaxing)
 .debug_str     0x0007ddcc    0x4c3a3 ./ref/rng.o
                              0xc6091 (size before relaxing)
 .debug_str     0x000ca16f       0x8f ./ref/rounding.o
                               0x4a08 (size before relaxing)
 .debug_str     0x000ca1fe       0x8c ./ref/sign.o
                               0x5e9e (size before relaxing)
 .debug_str     0x000ca28a       0x81 ./ref/symmetric-shake.o
                               0x4d5b (size before relaxing)
 .debug_str     0x000ca30b       0x10 ./ref/vector.o
                                 0x7e (size before relaxing)
 .debug_str     0x000ca31b     0x1b33 ./drivers/fsl_clock.o
                              0x7b9d2 (size before relaxing)
 .debug_str     0x000cbe4e      0x488 ./drivers/fsl_rnga.o
                              0x79aea (size before relaxing)
 .debug_str     0x000cc2d6     0x135d ./drivers/fsl_uart.o
                              0x7b246 (size before relaxing)
 .debug_str     0x000cd633      0x117 ./device/system_MK64F12.o
                              0x78412 (size before relaxing)
 .debug_str     0x000cd74a       0xc4 ./board/board.o
                              0x7adbe (size before relaxing)
 .debug_str     0x000cd80e      0x306 ./board/clock_config.o
                              0x7a34b (size before relaxing)
 .debug_str     0x000cdb14      0x1f4 ./board/pin_mux.o
                              0x79961 (size before relaxing)

.comment        0x00000000       0x79
 .comment       0x00000000       0x79 ./utilities/fsl_assert.o
                                 0x7a (size before relaxing)
 .comment       0x00000079       0x7a ./startup/startup_mk64f12.o
 .comment       0x00000079       0x7a ./source/hello_world.o
 .comment       0x00000079       0x7a ./source/semihost_hardfault.o
 .comment       0x00000079       0x7a ./ref/test/cpucycles.o
 .comment       0x00000079       0x7a ./ref/test/speed_print.o
 .comment       0x00000079       0x7a ./ref/test/test_speed.o
 .comment       0x00000079       0x7a ./ref/fips202.o
 .comment       0x00000079       0x7a ./ref/packing.o
 .comment       0x00000079       0x7a ./ref/poly.o
 .comment       0x00000079       0x7a ./ref/polyvec.o
 .comment       0x00000079       0x7a ./ref/rng.o
 .comment       0x00000079       0x7a ./ref/rounding.o
 .comment       0x00000079       0x7a ./ref/sign.o
 .comment       0x00000079       0x7a ./ref/symmetric-shake.o
 .comment       0x00000079       0x7a ./drivers/fsl_clock.o
 .comment       0x00000079       0x7a ./drivers/fsl_rnga.o
 .comment       0x00000079       0x7a ./drivers/fsl_uart.o
 .comment       0x00000079       0x7a ./device/system_MK64F12.o
 .comment       0x00000079       0x7a ./board/board.o
 .comment       0x00000079       0x7a ./board/clock_config.o
 .comment       0x00000079       0x7a ./board/pin_mux.o
 .comment       0x00000079       0x7a c:/nxp/mcuxpressoide/ide/plugins/com.nxp.mcuxpresso.tools.win32_11.2.0.202001021529/tools/bin/../lib/gcc/arm-none-eabi/9.2.1/../../../../arm-none-eabi/lib/thumb/v7e-m+fp/hard\libcr_semihost_nf.a(__ciob.o)
 .comment       0x00000079       0x7a c:/nxp/mcuxpressoide/ide/plugins/com.nxp.mcuxpresso.tools.win32_11.2.0.202001021529/tools/bin/../lib/gcc/arm-none-eabi/9.2.1/../../../../arm-none-eabi/lib/thumb/v7e-m+fp/hard\libcr_semihost_nf.a(_cr__main.o)
 .comment       0x00000079       0x7a c:/nxp/mcuxpressoide/ide/plugins/com.nxp.mcuxpresso.tools.win32_11.2.0.202001021529/tools/bin/../lib/gcc/arm-none-eabi/9.2.1/../../../../arm-none-eabi/lib/thumb/v7e-m+fp/hard\libcr_c.a(memcpy.o)
 .comment       0x00000079       0x7a c:/nxp/mcuxpressoide/ide/plugins/com.nxp.mcuxpresso.tools.win32_11.2.0.202001021529/tools/bin/../lib/gcc/arm-none-eabi/9.2.1/../../../../arm-none-eabi/lib/thumb/v7e-m+fp/hard\libcr_c.a(memset.o)
 .comment       0x00000079       0x7a c:/nxp/mcuxpressoide/ide/plugins/com.nxp.mcuxpresso.tools.win32_11.2.0.202001021529/tools/bin/../lib/gcc/arm-none-eabi/9.2.1/../../../../arm-none-eabi/lib/thumb/v7e-m+fp/hard\libcr_c.a(__fillbuf.o)
 .comment       0x00000079       0x7a c:/nxp/mcuxpressoide/ide/plugins/com.nxp.mcuxpresso.tools.win32_11.2.0.202001021529/tools/bin/../lib/gcc/arm-none-eabi/9.2.1/../../../../arm-none-eabi/lib/thumb/v7e-m+fp/hard\libcr_c.a(_deferredlazyseek.o)