polyvec.c:17:6:pqcrystals_dilithium_polyvec_matrix_expand	24	static
polyvec.c:25:6:pqcrystals_dilithium_polyvec_matrix_pointwise_montgomery	32	static
polyvec.c:36:6:pqcrystals_dilithium_polyvecl_uniform_eta	32	static
polyvec.c:43:6:pqcrystals_dilithium_polyvecl_uniform_gamma1	32	static
polyvec.c:50:6:pqcrystals_dilithium_polyvecl_reduce	24	static
polyvec.c:84:6:pqcrystals_dilithium_polyvecl_add	32	static
polyvec.c:99:6:pqcrystals_dilithium_polyvecl_ntt	24	static
polyvec.c:106:6:pqcrystals_dilithium_polyvecl_invntt_tomont	24	static
polyvec.c:113:6:pqcrystals_dilithium_polyvecl_pointwise_poly_montgomery	32	static
polyvec.c:131:6:pqcrystals_dilithium_polyvecl_pointwise_acc_montgomery	32	static
polyvec.c:155:5:pqcrystals_dilithium_polyvecl_chknorm	24	static
polyvec.c:169:6:pqcrystals_dilithium_polyveck_uniform_eta	32	static
polyvec.c:184:6:pqcrystals_dilithium_polyveck_reduce	24	static
polyvec.c:199:6:pqcrystals_dilithium_polyveck_caddq	24	static
polyvec.c:233:6:pqcrystals_dilithium_polyveck_add	32	static
polyvec.c:251:6:pqcrystals_dilithium_polyveck_sub	32	static
polyvec.c:266:6:pqcrystals_dilithium_polyveck_shiftl	24	static
polyvec.c:281:6:pqcrystals_dilithium_polyveck_ntt	24	static
polyvec.c:297:6:pqcrystals_dilithium_polyveck_invntt_tomont	24	static
polyvec.c:304:6:pqcrystals_dilithium_polyveck_pointwise_poly_montgomery	32	static
polyvec.c:324:5:pqcrystals_dilithium_polyveck_chknorm	24	static
polyvec.c:348:6:pqcrystals_dilithium_polyveck_power2round	32	static
polyvec.c:370:6:pqcrystals_dilithium_polyveck_decompose	32	static
polyvec.c:388:14:pqcrystals_dilithium_polyveck_make_hint	32	static
polyvec.c:410:6:pqcrystals_dilithium_polyveck_use_hint	32	static
polyvec.c:417:6:pqcrystals_dilithium_polyveck_pack_w1	24	static
