poly.c:29:6:pqcrystals_dilithium_poly_reduce	16	static
poly.c:41:6:pqcrystals_dilithium_poly_caddq	16	static
poly.c:68:6:pqcrystals_dilithium_poly_add	32	static
poly.c:98:6:pqcrystals_dilithium_poly_sub	32	static
poly.c:125:6:pqcrystals_dilithium_poly_shiftl	24	static
poly.c:152:6:pqcrystals_dilithium_poly_ntt	16	static
poly.c:169:6:pqcrystals_dilithium_poly_invntt_tomont	16	static
poly.c:188:6:pqcrystals_dilithium_poly_pointwise_montgomery	24	static
poly.c:207:6:pqcrystals_dilithium_poly_pointwise_acc_montgomery	24	static
poly.c:227:6:pqcrystals_dilithium_poly_power2round	40	static
poly.c:259:6:pqcrystals_dilithium_poly_decompose	40	static
poly.c:291:14:pqcrystals_dilithium_poly_make_hint	32	static
poly.c:313:6:pqcrystals_dilithium_poly_use_hint	40	static
poly.c:343:5:pqcrystals_dilithium_poly_chknorm	24	static
poly.c:381:6:pqcrystals_dilithium_poly_uniform	1096	static
poly.c:420:21:rej_eta	40	static
poly.c:471:6:pqcrystals_dilithium_poly_uniform_eta	512	static
poly.c:502:6:pqcrystals_dilithium_poly_uniform_gamma1	912	static
poly.c:524:6:pqcrystals_dilithium_poly_challenge	408	static
poly.c:567:6:pqcrystals_dilithium_polyeta_pack	32	static
poly.c:606:6:pqcrystals_dilithium_polyeta_unpack	24	static
poly.c:652:6:pqcrystals_dilithium_polyt1_pack	24	static
poly.c:676:6:pqcrystals_dilithium_polyt1_unpack	24	static
poly.c:699:6:pqcrystals_dilithium_polyt0_pack	56	static
poly.c:747:6:pqcrystals_dilithium_polyt0_unpack	24	static
poly.c:811:6:pqcrystals_dilithium_polyz_pack	40	static
poly.c:862:6:pqcrystals_dilithium_polyz_unpack	24	static
poly.c:923:6:pqcrystals_dilithium_polyw1_pack	24	static
